------------------------------------------------------------------------------------------------
      name:  <unnamed>
       log:  R:\B2\01 - Households\10 - Labour supply model\02 - Working area\02 - Training\EURO
> LAB 1.0\do\../log//3_simulation_dpi_lt_2019_3ch.log
  log type:  text
 opened on:   6 Dec 2022, 21:38:35

. di in r "3_simulation_dpi is running: $S_TIME  $S_DATE"
3_simulation_dpi is running: 21:38:35   6 Dec 2022

. 
. do 11_programs

. *********************************************************************************
. * 11_programs.do                                                                              
>                   *  
. *                                                                                             
>                                                                   *
. * Includes the programs that will be used later                                               
>                   *
. * Date: 29 June 2018                                                                          
>                                           *
. * Updated: June 2021                                                                          
>                                           *                             
. *                                                                                             
>                                                                   *
. * Content:                                                                                    
>                                                           *
. * 1. writePolicyDatasetSystem                                                                 
>                                   *
. * 2. writePolicyDatasetData                                                                   
>                                           *
. * 3. writePolicyDataset                                                                       
>                                           *
. * 4. createFolder                                                                             
>                                                   *
. * 5. isFile                                                                                   
>                                                           *
. * 6. removeFolders                                                                            
>                                                   *
. *********************************************************************************
. 
. capture program drop writePolicyDatasetSystem

. program writePolicyDatasetSystem
  1. 
.         local number_of_lines = 0
  2.         file open emconfig using "${path_XMLParam}/${country}/${country}_DataConfig.xml", r
> ead text
  3.         file read emconfig line
  4.         while r(eof) == 0{
  5.                 local number_of_lines = `number_of_lines' + 1
  6.                 file read emconfig line
  7.         }
  8.         local number_of_lines = `number_of_lines' + 1
  9.         file close emconfig
 10.         
.         import excel "${path_EMinput}\other\EUROMOD_Policy_Dataset_Compatibility.xlsx", sheet(
> "ID") firstrow allstring clear
 11.         capture drop dataset datasetid
 12.         tostring *, replace
 13.         list
 14.         
.         file open emconfig using "${path_XMLParam}/${country}/${country}_DataConfig.xml", read
>  text
 15.         file read emconfig line
 16.         
.         local DBSystemConfig_found = 0
 17.         local systemId_found = 0
 18.         
.         local file_l = 0
 19.         local i = 0
 20.         while `file_l' < `number_of_lines'{
 21.                 
.                 local i = `i'+1
 22.                 local file_l = `file_l' + 1
 23.                 //display "i: `i'"
.         
.                 // Read file line by line and save content into local line
.                 file read emconfig line
 24.                 
.                 //display "Line:`i' `line'"
. 
.                 // Save length of the line
.                 local len : length local line
 25.                 
.                 // Find first non-space digit
.                 local n = 1
 26.                 local continue = 1
 27.                 local startchar = 1
 28.                 local endchar = 1
 29.                 
. 
.                 while (`n' < `len') & (`continue') == 1 {
 30.                         local char = substr("`line'", `n', 1)
 31.                         
.                         if "`char'" == "<" { 
 32.                                 local continue = 0
 33.                         }
 34.                         local n = `n' + 1
 35.                         local startchar = `n'
 36.                 }
 37.                         
.                 local continue = 1
 38.                 local numberChars = 0
 39.                 while (`n' < `len') & (`continue') == 1 {
 40.                         local char = substr("`line'", `n', 1)
 41.                         
.                         if "`char'" == ">" { 
 42.                                 local continue = 0
 43.                         }
 44.                         else{
 45.                                 local numberChars = `numberChars' + 1 
 46.                         }
 47.                         
.                         local n = `n' + 1
 48.                         
.                 }
 49.                         
.                 // Extract the first "word"
.                 local tag = substr("`line'", `startchar', `numberChars')
 50.                 local startcount = `startchar' + `numberChars' + 1
 51.                 
.                 //display "i: `i' . tag: `tag'"
.                 *display "Check tag name"
.                 if "`tag'" == "DBSystemConfig" {
 52. 
.                         local DBSystemConfig_found = 1
 53.                         //display "DBSystemConfig_found in line `i'"
. 
.                 }
 54.                 
.                 if "`tag'" == "SystemID" & (`DBSystemConfig_found') == 1{
 55.                         local systemId_found = 1
 56.                         //display "System id found in line `i'"
.                         local foundYear = 0
 57.                         local continue = 1
 58.                         local numberChars = 0
 59.                         local n = `startcount'
 60.                         while (`n' < `len') & (`continue') == 1 {
 61.                                 local char = substr("`line'", `n', 1)
 62.                         
.                                 if "`char'" == "<" { 
 63.                                         local continue = 0
 64.                                 }
 65.                                 else{
 66.                                         local numberChars = `numberChars' + 1 
 67.                                 }
 68.                         
.                                 local n = `n' + 1
 69.                         
.                         }
 70.                         
.                         local systemId = substr("`line'", `startcount', `numberChars')
 71.                         //display "systemId: `systemId'"
.                 }
 72.                 
. 
.                 if "`tag'" == "SystemName" & (`systemId_found') == 1{
 73.                 
.                         local foundYear = 0
 74.                         local continue = 1
 75.                         local numberChars = 0
 76.                         local n = `startcount'
 77.                         while (`n' < `len') & (`continue') == 1 {
 78.                                 local char = substr("`line'", `n', 1)
 79.                         
.                                 if "`char'" == "<" { 
 80.                                         local continue = 0
 81.                                 }
 82.                                 else{
 83.                                         local numberChars = `numberChars' + 1 
 84.                                 }
 85.                         
.                                 local n = `n' + 1
 86.                         
.                         }
 87.                         
.                         local systemName = substr("`line'", `startcount', `numberChars')
 88.                         local systemName_lower = lower("`systemName'")
 89.                         local systemId_found = 0
 90.                         local DBSystemConfig_found = 0
 91.                         
.                         //display "`systemName'"
.                         //display "`systemId'"
.                         capture drop if psystem == "`systemName'"
 92.                         capture drop if psystem == "`systemName_lower'"
 93.                         capture drop if psystemid == "`systemId'"
 94.                         
.                         
.                         set obs `=_N+1'
 95.                         local N = _N
 96.                         //display "N: `N'"
.                         replace psystem="`systemName_lower'" in `N'
 97.                         replace psystemid = "`systemId'" in `N'
 98.                         
. 
.                 }
 99. 
.                 
.         }
100.         
.         // Close files
.         file close emconfig
101.         drop if psystem == ""
102.         list
103.         export excel using "${path_EMinput}\other\EUROMOD_Policy_Dataset_Compatibility.xlsx
> ", sheet("ID") sheetmodify cell(C1) firstrow(variables)
104.         display "End of system id search"
105.         //display "Number of lines: `number_of_lines'"
. 
. end

. 
. capture program drop writePolicyDatasetData

. program writePolicyDatasetData
  1. 
.         local number_of_lines = 0
  2.         file open emconfig using "${path_XMLParam}/${country}/${country}_DataConfig.xml", r
> ead text
  3.         file read emconfig line
  4.         while r(eof) == 0{
  5.                 local number_of_lines = `number_of_lines' + 1
  6.                 file read emconfig line
  7.         }
  8.         local number_of_lines = `number_of_lines' + 1
  9.         file close emconfig
 10.         
.         import excel "${path_EMinput}\other\EUROMOD_Policy_Dataset_Compatibility.xlsx", sheet(
> "ID") firstrow allstring clear
 11.         capture drop psystem psystemid
 12. 
.         tostring *, replace
 13.         
.         file open emconfig using "${path_XMLParam}/${country}/${country}_DataConfig.xml", read
>  text
 14.         file read emconfig line
 15.         
.         local DatabaseConfig_found = 0
 16.         local dataId_found = 0
 17.         
.         local file_l = 0
 18.         local i = 0
 19.         while `file_l' < `number_of_lines'{
 20.                 
.                 local i = `i'+1
 21.                 local file_l = `file_l' + 1
 22.         
.                 // Read file line by line and save content into local line
.                 file read emconfig line
 23.                 
.                 //display "Line:`i' `line'"
. 
.                 // Save length of the line
.                 local len : length local line
 24.                 
.                 // Find first non-space digit
.                 local n = 1
 25.                 local continue = 1
 26.                 local startchar = 1
 27.                 local endchar = 1
 28.                 
. 
.                 while (`n' < `len') & (`continue') == 1 {
 29.                         local char = substr("`line'", `n', 1)
 30.                         
.                         if "`char'" == "<" { 
 31.                                 local continue = 0
 32.                         }
 33.                         local n = `n' + 1
 34.                         local startchar = `n'
 35.                 }
 36.                         
.                 local continue = 1
 37.                 local numberChars = 0
 38.                 while (`n' < `len') & (`continue') == 1 {
 39.                         local char = substr("`line'", `n', 1)
 40.                         
.                         if "`char'" == ">" { 
 41.                                 local continue = 0
 42.                         }
 43.                         else{
 44.                                 local numberChars = `numberChars' + 1 
 45.                         }
 46.                         
.                         local n = `n' + 1
 47.                         
.                 }
 48.                         
.                 // Extract the first "word"
.                 local tag = substr("`line'", `startchar', `numberChars')
 49.                 local startcount = `startchar' + `numberChars' + 1
 50.                 
.                 if "`tag'" == "DataBase" {
 51. 
.                         local DatabaseConfig_found = 1
 52. 
.                 }
 53.                 
.                 if "`tag'" == "ID" & (`DatabaseConfig_found') == 1{
 54.                         local dataId_found = 1
 55. 
.                         local continue = 1
 56.                         local numberChars = 0
 57.                         local n = `startcount'
 58.                         while (`n' < `len') & (`continue') == 1 {
 59.                                 local char = substr("`line'", `n', 1)
 60.                         
.                                 if "`char'" == "<" { 
 61.                                         local continue = 0
 62.                                 }
 63.                                 else{
 64.                                         local numberChars = `numberChars' + 1 
 65.                                 }
 66.                         
.                                 local n = `n' + 1
 67.                         
.                         }
 68.                         
.                         local dataId = substr("`line'", `startcount', `numberChars')
 69.                 }
 70.                 
.                 if "`tag'" == "Name" & (`dataId_found') == 1{
 71.                 
.                         local continue = 1
 72.                         local numberChars = 0
 73.                         local n = `startcount'
 74.                         while (`n' < `len') & (`continue') == 1 {
 75.                                 local char = substr("`line'", `n', 1)
 76.                         
.                                 if "`char'" == "<" { 
 77.                                         local continue = 0
 78.                                 }
 79.                                 else{
 80.                                         local numberChars = `numberChars' + 1 
 81.                                 }
 82.                         
.                                 local n = `n' + 1
 83.                         
.                         }
 84.                         
.                         local dataName = substr("`line'", `startcount', `numberChars')
 85.                         local dataId_found = 0
 86.                         local DatabaseConfig_found = 0
 87.                         
.                         local dataName_lower = lower("`dataName'")
 88.                         capture drop if dataset == "`dataName'"
 89.                         capture drop if dataset == "`dataName_lower'"
 90.                         capture drop if datasetid == "`dataId'"
 91.                         local N = _N
 92.                         set obs `=_N+1'
 93.                         local N = _N
 94.                         
.                         replace dataset="`dataName_lower'" in `N'
 95.                         replace datasetid = "`dataId'" in `N'
 96. 
.                         list
 97.                         
.                 }
 98. 
.                 
.         }
 99.         
.         // Close files
.         file close emconfig
100.         drop if dataset == ""
101.         export excel using "${path_EMinput}\other\EUROMOD_Policy_Dataset_Compatibility.xlsx
> ", sheet("ID") sheetmodify cell(A1) firstrow(variables)
102.         display "Number of lines: `number_of_lines'"
103. 
. end

. 
. capture program drop writePolicyDataset

. program writePolicyDataset
  1.         preserve
  2.         writePolicyDatasetSystem
  3.         writePolicyDatasetData
  4.         restore
  5. end

. 
. *-----------Create Folder to save results ------------------------------
. capture program drop createFolder

. program createFolder
  1. 
.         local output_path="`1'"
  2.         local folderName="`2'"
  3.         
.         local isFolder: dir "`output_path'" dirs "`folderName'"
  4. 
.         if `"`isFolder'"'!=""{
  5.                 display in red "Folder `folderName' already exists"
  6.                 if regexm("`folderName'","temp_folder"){
  7.                         local temp_list:dir "`output_path'/`folderName'" files "*"
  8.                         //Remove auxiliary txt files used as flag in merge_CF_level1.do
.                         foreach file in `temp_list'{
  9.                                 erase "`output_path'/`folderName'/`file'"
 10.                         }
 11.                 }
 12.         }
 13.         else{ 
 14.                 mkdir "`output_path'/`folderName'"
 15.                 display in red "Folder `folderName' will be created"
 16.         }
 17.         
. end

. 
. *--------- Verify if file exists -------------------------------
. capture program drop isFile

. program isFile
  1. 
.         local FileName="`1'"
  2.         local folder="`2'"
  3. 
.         capture findfile "`FileName'", path("`folder'") 
  4.         matrix isfile = J(1,1,.)
  5.         if _rc==0{
  6.                 //display in red "File `FileName' already exists"       
.                 mat isfile[1,1]=1
  7.         }
  8.         else{
  9.                 //display in red "File `FileName' has to be created"
.                 mat isfile[1,1]=0
 10.         }
 11. end

. 
. *--------- Delete auxiliary files and folders created in 3_simulation_dpi --------------------
> --------
. capture program drop removeFolders

. program removeFolders 
  1. 
. //Remove auxiliary folders from EMinput 
. local folders:dir "${path_EMinput}/modified" dirs "*", respectcase
  2. foreach folder in `folders'{
  3.         //di in r "folder `folder'"
.         local files:dir "${path_EMinput}/modified/`folder'" files "*" 
  4.         foreach file in `files'{
  5.                 capture erase "${path_EMinput}/modified/`folder'/`file'"
  6.         }
  7.         capture rmdir "${path_EMinput}/modified/`folder'"
  8. }
  9. 
. local folders:dir "${path_EMinput}/" dirs "*", respectcase
 10. local temp="original other modified"
 11. local folders: list folders - temp
 12. foreach folder in `folders'{
 13.         local files:dir "${path_EMinput}/`folder'" files "*" 
 14.         foreach file in `files'{
 15.                 capture erase "${path_EMinput}/`folder'/`file'"
 16.         }
 17.         capture rmdir "${path_EMinput}/`folder'"
 18. }
 19. 
. //Remove auxiliary folders from EMoutput
. local folders:dir "${path_EMoutput}/modified" dirs "*", respectcase
 20. foreach folder in `folders'{
 21.         local files:dir "${path_EMoutput}/modified/`folder'" files "*"
 22.         foreach file in `files'{
 23.                 capture erase "${path_EMoutput}/modified/`folder'/`file'"
 24.         }
 25.         capture rmdir "${path_EMoutput}/modified/`folder'"
 26. }
 27. 
. //Remove Euromod log files from EMoutput
. local files:dir "${path_EMoutput}/modified/" files "*EUROMOD_Log*"
 28. foreach file in `files'{
 29.         capture erase "${path_EMoutput}/modified/`file'"
 30. }
 31. 
. //Remove datasets from 1_counterfactuals
. local files:dir "${path_LSscen}/1_counterfactuals/" files "*.dta"
 32. foreach file in `files'{
 33.         capture erase "${path_LSscen}/1_counterfactuals/`file'"
 34. }
 35. /*local files:dir "${path_LSscen}/1_counterfactuals/" files "*.txt"
> foreach file in `files'{
>         capture erase "${path_LSscen}/1_counterfactuals/`file'"
> }*/
. 
. //Remove datasets from 2_postEM_appended
. local files:dir "${path_LSscen}/2_postEM_appended/" files "*_f*_*.dta"
 36. foreach file in `files'{
 37.         capture erase "${path_LSscen}/2_postEM_appended/`file'"
 38. }
 39.         
. local temp:dir . files "3a_merge_CF*.log"
 40. foreach file in `temp'{
 41.         capture erase "`file'"
 42. }
 43. 
. local temp:dir . files "3b_merge_CF*.log"
 44. foreach file in `temp'{
 45.         capture erase "`file'"
 46. }
 47. 
. local temp:dir . files "1a_create_input_data*.log"
 48. foreach file in `temp'{
 49.         capture erase "`file'"
 50. }
 51. 
. capture erase "all_globals.dta"
 52. capture erase "all_globals_preparedata.dta"
 53. capture erase "globals_preparedata.dta"
 54. capture erase "1_preparedata.dta"
 55. 
. end

. 
.         
.                 
. 
end of do-file

. 
. *Variables to be renamed and also added to the global variables_to_keep
. local keepvars="ils_dispy ils_origy ils_origrepy ils_earns ils_sicee ils_sicdy ils_sicse ils_s
> icer ils_sicot ils_ben ils_tax"

. if "$country" == "it" {
.         global keepvars="`keepvars' bunct02_s"  
. }

. else if "$country" == "cz"|"$country" == "ro"|"$country" == "pl"|"$country" == "be"{
.         global keepvars="`keepvars' bun_s"      
. }

. else if "$country" == "lv"{
.         global keepvars="`keepvars' bun00_s"    
. }

. else if "$country" == "lu"{
.         global keepvars="`keepvars' bunss_s"    
. }

. else if "$country" == "mt"{
.         global keepvars="`keepvars' bunctnm_s"  
. }

. else {
.         global keepvars="`keepvars' bunct_s"    
. }

. 
. 
. *Set variables to keep before merging files
. global variables_to_keep="idhh idperson strata1 psu1 dag dgn dec dwt drgn* dcz dct les lhw lse
>  yemmy  lhw* choice* yemmy* flex* ed_* age* numch* pold* hhsize sec_m sec_f emp_stat_f emp_sta
> t_m $keepvars"

. 
. **************** Program to run EUROMOD simulations ****************************
. capture program drop Simulations

. program Simulations     
  1.         local counter=0
  2.         local multiplier=1
  3.         local temp_count=0
  4.         foreach ref in $reforms {
  5. 
.                 di in r "Foreach `ref' full simulation"
  6.                 if "`ref'" == "base" & strpos("$reforms", "new") != 0  {
  7.                         global policyyears ="$pyear $ryear"
  8.                 }
  9.                 else if "`ref'" == "new" {
 10.                         global policyyears = "$new_reforms"
 11.                 }
 12.                 else {
 13.                         global policyyears = "$pyear"
 14.                 }
 15.                 
.                 global policyyear_count : list sizeof local(policyyears)
 16.                 global policyyears_all = "$policyyears"
 17.                 local policyyears_temp = "$policyyears"
 18. 
.                 // Identify system_ids
.                 local aux_num=0
 19.                 foreach p of local policyyears_temp {
 20.                                                 
.                         // Run once for the full sample
.                         cap copy "${path_LSscen}/0_fullsample/${country}_${year}_${choices}ch_
> full.txt" "${path_EMinput}/modified/${filename}.txt", replace
 21.                         local cp_counter=0
 22.                         while _rc == 608{
 23.                                 sleep 500
 24.                                 cap copy "${path_LSscen}/0_fullsample/${country}_${year}_${
> choices}ch_full.txt" "${path_EMinput}/modified/${filename}.txt", replace
 25.                                 di "cp_counter `cp_counter'"
 26.                                 di _rc
 27.                                 local ++ cp_counter
 28.                                 if `cp_counter'==10{
 29.                                         di in r "ERROR: File ${path_LSscen}/0_fullsample/${
> country}_${year}_${choices}ch_full.txt could not be copied. Please verify that file exists and
>  run again."
 30.                                         stop
 31.                                 }
 32.                         }
 33.                         
.                         if `aux_num'==0{
 34.                                 createFolder "${path_EMoutput}\modified" "${country}_${year
> }_${choices}ch_full_`ref'"
 35.                                 local aux_num = 1
 36.                         }
 37.                         
.                         global Fol_`ref'_full="${path_EMoutput}\modified\\${country}_${year}_$
> {choices}ch_full_`ref'"
 38.                         
.                         //shell runs EUROMOD simulations sequentially
.                         shell start /min "" "${EM_G2exe}/EM_ExecutableCaller.exe" "-emPath" "$
> {EM_G2}" "-sys" "${country}_`p'" "-data" "${filename}" "-outPath" "${Fol_`ref'_full}" "-dataPa
> th" "${path_EMinput}\modified" "-noTranslate" 
 39.                         
.                         display "shell ${EM_G2exe}/EM_ExecutableCaller.exe -emPath ${EM_G2} -s
> ys ${country}_`p' -data ${filename} -outPath ${Fol_`ref'_full} -dataPath ${path_EMinput}\modif
> ied"
 40.                         display "After EUROMOD execution in Folder ${Fol_`ref'_full}: `p'"
 41.                         di in r "END: $S_TIME  $S_DATE"
 42.                 }
 43.                 
.                 if $RUN_COUNTERFACTUALS == 1 {
 44.                         foreach i in $hours {
 45.                                 foreach j in $hours {
 46.                                         forvalues sec_f = 1/${NumberOfSectors} {
 47.                                                 forvalues empstat_f = 1/${EmplStatus} {
 48.                                                         forvalues sec_m = 1/${NumberOfSecto
> rs} {
 49.                                                                 forvalues empstat_m = 1/${E
> mplStatus} {
 50.                                                                         di in r "Start coun
> terfactual simulation for hours `i' and hours `j', sector_f `sector_f', emp_stat_f `emp_stat_f
> ', sector_m `sector_m', emp_stat_m `emp_stat_m': $S_TIME  $S_DATE"     
 51.                                                                         
.                                                                         local RUN_EM = (${USEO
> LD}==0)         
 52.  
.                                                                         /// EXECUTE EUROMOD 
>                                                                         if `RUN_EM' == 1 { 
 53.                                                                         
.                                                                                 if (`i' == 0 |
>  `i' == 5) & (`j' == 0 | `j' == 5){
 54.                                                                                         loc
> al emp_stat_f = 0 
 55.                                                                                         loc
> al sector_f = 0 
 56.                                                                                         loc
> al emp_stat_m = 0
 57.                                                                                         loc
> al sector_m = 0
 58.                                                                                 }
 59.                                                                                 else if `i'
>  == 0 | `i' == 5 {
 60.                                                                                         loc
> al emp_stat_f = 0 
 61.                                                                                         loc
> al sector_f = 0 
 62.                                                                                         loc
> al emp_stat_m = `empstat_m'
 63.                                                                                         loc
> al sector_m = `sec_m'
 64.                                                                                 }
 65.                                                                                 else if `j'
>  == 0 | `j' == 5 {
 66.                                                                                         loc
> al emp_stat_f = `empstat_f' 
 67.                                                                                         loc
> al sector_f = `sec_f'
 68.                                                                                         loc
> al emp_stat_m = 0
 69.                                                                                         loc
> al sector_m = 0
 70.                                                                                 }
 71.                                                                                 else{
 72.                                                                                         loc
> al emp_stat_f = `empstat_f' 
 73.                                                                                         loc
> al sector_f = `sec_f'
 74.                                                                                         loc
> al emp_stat_m = `empstat_m'
 75.                                                                                         loc
> al sector_m = `sec_m'
 76.                                                                                 }
 77.                                                                                 global RUN_
> EM = 1
 78.                                                                                 local first
> p = 1                                                                        
 79. 
.                                                                                 global InFol_f
> `i'_s`sector_f'_e`emp_stat_f'_m`j'_s`sector_m'_e`emp_stat_m'_`ref'="${path_EMinput}\modified\\
> ${country}_${year}_${choices}ch_f`i'_s`sector_f'_e`emp_stat_f'_m`j'_s`sector_m'_e`emp_stat_m'_
> `ref'"
 80.                                                                                 //Confirm i
> nput data exists     before running EUROMOD                                                  
.                                                                                 cap confirm fi
> le "${InFol_f`i'_s`sector_f'_e`emp_stat_f'_m`j'_s`sector_m'_e`emp_stat_m'_`ref'}/${filename}.t
> xt"
 81.                                                                                 if _rc != 0
>  {
 82.                                                                                         di 
> in r "ERROR: Input file not found in folder ${InFol_f`i'_s`sector_f'_e`emp_stat_f'_m`j'_s`sect
> or_m'_e`emp_stat_m'_`ref'}. Please generate missing input data and run again."
 83.                                                                                         sto
> p
 84.                                                                                 }
 85.                                                                                 
.                                                                                 local time_i=1
 86.                                                                                 foreach ps 
> of local policyyears_temp {
 87.                                                                                         loc
> al ++counter
 88.                                                                                         tim
> er on `time_i'
 89.                                                                                 
.                                                                                         create
> Folder "${path_EMoutput}\modified" "${country}_`ps'_${choices}ch_f`i'_s`sector_f'_e`emp_stat_f
> '_m`j'_s`sector_m'_e`emp_stat_m'_`ref'"
 90.                                                                                         
.                                                                                         di in 
> r "${path_EMoutput}\modified" "${country}_`ps'_${choices}ch_f`i'_s`sector_f'_e`emp_stat_f'_m`j
> '_s`sector_m'_e`emp_stat_m'_`ref'"
 91.                                                                                         
.                                                                                         global
>  EM_output_folder="${path_EMoutput}\modified\\${country}_`ps'_${choices}ch_f`i'_s`sector_f'_e`
> emp_stat_f'_m`j'_s`sector_m'_e`emp_stat_m'_`ref'"   
 92.                                                                                         
.                                                                                         //wine
> xec runs EUROMOD simulations simultaneously
.                                                                                         winexe
> c cmd /c start /min "" "${EM_G2exe}/EM_ExecutableCaller.exe" "-emPath" "${EM_G2}" "-sys" "${co
> untry}_`ps'" "-data" "${filename}" "-outPath" "${EM_output_folder}" "-dataPath" "${InFol_f`i'_
> s`sector_f'_e`emp_stat_f'_m`j'_s`sector_m'_e`emp_stat_m'_`ref'}" "-noTranslate"
 93.                                                                                         
.                                                                                         displa
> y "winexec ${EM_G2exe}/EM_ExecutableCaller.exe -emPath ${EM_G2} -sys ${country}_`ps' -data ${f
> ilename} -outPath ${EM_output_folder} -dataPath ${InFol_f`i'_s`sector_f'_e`emp_stat_f'_m`j'_s`
> sector_m'_e`emp_stat_m'_`ref'}"
 94.                                                                                 
.                                                                                         displa
> y "After EUROMOD counterfactual simulation: `p' counter `counter'"
 95.                                                                                         tim
> er off `time_i'
 96.                                                                                         tim
> er list `time_i'
 97.                                                                                         loc
> al ++time_i
 98.                                                                                         
.                                                                                         local 
> temp_number=`multiplier'*$split_number_EM
 99.                                                                                         if 
> `counter'==`temp_number'{
100.                                                                                            
>      sleep 500
101.                                                                                            
>      local temp_list:dir "${EM_output_folder}" files "*"
102.                                                                                            
>      local numfiles : word count `temp_list'
103.                                                                                            
>      local temp_counter=0
104.                                                                                            
>      while `numfiles'< 2 {
105.                                                                                            
>              local ++temp_counter
106.                                                                                            
>              if `temp_counter'<500{
107.                                                                                            
>                      sleep 500
108.                                                                                            
>                      local temp_list:dir "${EM_output_folder}" files "*"
109.                                                                                            
>                      local numfiles : word count `temp_list'
110.                                                                                            
>              }
111.                                                                                            
>              else{
112.                                                                                            
>                      capture window stopbox rusure "ERROR: EUROMOD failed to produce output. Y
> ou can find more info about error in EUROMOD's log file (placed in the corresponding folder in
> side \data\EMoutput\modified).  Do you want to close STATA?"
113.                                                                                            
>                      if _rc == 0 {
114.                                                                                            
>                              exit, STATA clear
115.                                                                                            
>                      }
116.                                                                                            
>                      else{
117.                                                                                            
>                              stop
118.                                                                                            
>                      }
119.                                                                                            
>              }
120.                                                                                            
>      di "Looking for output file: attemp `temp_counter'/500"
121.                                                                                            
>      }
122.                                                                                            
>      local ++multiplier
123.                                                                                         }
124.                                                                                 }
125.                                                                                 
.                                                                                 local ++temp_c
> ount
126.                                                                         }       //end RUN_E
> M 
127.                                                                         else{
128.                                                                                 global RUN_
> EM = 0
129.                                                                         }
130.                                                                         if (`i' == 0 | `i' 
> == 5) & (`j' == 0 | `j' == 5){
131.                                                                                 continue, b
> reak
132.                                                                         }
133.                                                                         else if `j' == 0 | 
> `j' == 5{
134.                                                                                 continue, b
> reak
135.                                                                         }
136.                                                                 }       //ends empstat_m
137.                                                                 if (`i' == 0 | `i' == 5) & 
> (`j' == 0 | `j' == 5){
138.                                                                         continue, break
139.                                                                 }
140.                                                                 else if `j' == 0 | `j' == 5
> {
141.                                                                         continue, break
142.                                                                 }
143.                                                         }       //ends sec_m
144.                                                         if (`i' == 0 | `i' == 5) & (`j' == 
> 0 | `j' == 5){
145.                                                                 continue, break
146.                                                         }
147.                                                         else if `i' == 0 | `i' == 5 {
148.                                                                 continue, break
149.                                                         }
150.                                                 }       //ends empstat_f
151.                                                 if (`i' == 0 | `i' == 5) & (`j' == 0 | `j' 
> == 5){
152.                                                         continue, break
153.                                                 }
154.                                                 else if `i' == 0 | `i' == 5 {
155.                                                         continue, break
156.                                                 }
157.                                         }       //ends sec_f
158.                                 }       //end j hours
159.                         }       //ends i hours
160.                 }
161.         }       
162. end     

. 
. 
. **************** RUN SIMULATIONS (FULL AND COUNTERFACTUALS) ********************
. Simulations
Foreach base full simulation
Folder lt_2019_3ch_full_base will be created
shell C:\Program Files\EUROMOD\Executable/EM_ExecutableCaller.exe -emPath R:\B2\01 - Households\
> 10 - Labour supply model\02 - Working area\02 - Training\EUROLAB 1.0\EUROMOD_MASTER_VERSION_I4
> .167 -sys lt_2018 -data lt_2019_a3 -outPath ../data/EMoutput/\modified\lt_2019_3ch_full_base -
> dataPath ../data/EMinput/\modified
After EUROMOD execution in Folder ../data/EMoutput/\modified\lt_2019_3ch_full_base: 2018
END: 21:38:36   6 Dec 2022
shell C:\Program Files\EUROMOD\Executable/EM_ExecutableCaller.exe -emPath R:\B2\01 - Households\
> 10 - Labour supply model\02 - Working area\02 - Training\EUROLAB 1.0\EUROMOD_MASTER_VERSION_I4
> .167 -sys lt_2022 -data lt_2019_a3 -outPath ../data/EMoutput/\modified\lt_2019_3ch_full_base -
> dataPath ../data/EMinput/\modified
After EUROMOD execution in Folder ../data/EMoutput/\modified\lt_2019_3ch_full_base: 2022
END: 21:38:36   6 Dec 2022
Start counterfactual simulation for hours 0 and hours 0, sector_f , emp_stat_f , sector_m , emp_
> stat_m : 21:38:36   6 Dec 2022
Folder lt_2018_3ch_f0_s0_e0_m0_s0_e0_base will be created
../data/EMoutput/\modifiedlt_2018_3ch_f0_s0_e0_m0_s0_e0_base
winexec C:\Program Files\EUROMOD\Executable/EM_ExecutableCaller.exe -emPath R:\B2\01 - Household
> s\10 - Labour supply model\02 - Working area\02 - Training\EUROLAB 1.0\EUROMOD_MASTER_VERSION_
> I4.167 -sys lt_2018 -data lt_2019_a3 -outPath ../data/EMoutput/\modified\lt_2018_3ch_f0_s0_e0_
> m0_s0_e0_base -dataPath ../data/EMinput/\modified\lt_2019_3ch_f0_s0_e0_m0_s0_e0_base
After EUROMOD counterfactual simulation:  counter 1
   1:      0.01 /        1 =       0.0120
Folder lt_2022_3ch_f0_s0_e0_m0_s0_e0_base will be created
../data/EMoutput/\modifiedlt_2022_3ch_f0_s0_e0_m0_s0_e0_base
winexec C:\Program Files\EUROMOD\Executable/EM_ExecutableCaller.exe -emPath R:\B2\01 - Household
> s\10 - Labour supply model\02 - Working area\02 - Training\EUROLAB 1.0\EUROMOD_MASTER_VERSION_
> I4.167 -sys lt_2022 -data lt_2019_a3 -outPath ../data/EMoutput/\modified\lt_2022_3ch_f0_s0_e0_
> m0_s0_e0_base -dataPath ../data/EMinput/\modified\lt_2019_3ch_f0_s0_e0_m0_s0_e0_base
After EUROMOD counterfactual simulation:  counter 2
   2:      0.01 /        1 =       0.0100
Start counterfactual simulation for hours 0 and hours 22, sector_f 0, emp_stat_f 0, sector_m 0, 
> emp_stat_m 0: 21:38:36   6 Dec 2022
Folder lt_2018_3ch_f0_s0_e0_m22_s1_e1_base will be created
../data/EMoutput/\modifiedlt_2018_3ch_f0_s0_e0_m22_s1_e1_base
winexec C:\Program Files\EUROMOD\Executable/EM_ExecutableCaller.exe -emPath R:\B2\01 - Household
> s\10 - Labour supply model\02 - Working area\02 - Training\EUROLAB 1.0\EUROMOD_MASTER_VERSION_
> I4.167 -sys lt_2018 -data lt_2019_a3 -outPath ../data/EMoutput/\modified\lt_2018_3ch_f0_s0_e0_
> m22_s1_e1_base -dataPath ../data/EMinput/\modified\lt_2019_3ch_f0_s0_e0_m22_s1_e1_base
After EUROMOD counterfactual simulation:  counter 3
   1:      0.02 /        2 =       0.0115
Folder lt_2022_3ch_f0_s0_e0_m22_s1_e1_base will be created
../data/EMoutput/\modifiedlt_2022_3ch_f0_s0_e0_m22_s1_e1_base
winexec C:\Program Files\EUROMOD\Executable/EM_ExecutableCaller.exe -emPath R:\B2\01 - Household
> s\10 - Labour supply model\02 - Working area\02 - Training\EUROLAB 1.0\EUROMOD_MASTER_VERSION_
> I4.167 -sys lt_2022 -data lt_2019_a3 -outPath ../data/EMoutput/\modified\lt_2022_3ch_f0_s0_e0_
> m22_s1_e1_base -dataPath ../data/EMinput/\modified\lt_2019_3ch_f0_s0_e0_m22_s1_e1_base
After EUROMOD counterfactual simulation:  counter 4
   2:      0.03 /        2 =       0.0130
Start counterfactual simulation for hours 0 and hours 39, sector_f 0, emp_stat_f 0, sector_m 1, 
> emp_stat_m 1: 21:38:36   6 Dec 2022
Folder lt_2018_3ch_f0_s0_e0_m39_s1_e1_base will be created
../data/EMoutput/\modifiedlt_2018_3ch_f0_s0_e0_m39_s1_e1_base
winexec C:\Program Files\EUROMOD\Executable/EM_ExecutableCaller.exe -emPath R:\B2\01 - Household
> s\10 - Labour supply model\02 - Working area\02 - Training\EUROLAB 1.0\EUROMOD_MASTER_VERSION_
> I4.167 -sys lt_2018 -data lt_2019_a3 -outPath ../data/EMoutput/\modified\lt_2018_3ch_f0_s0_e0_
> m39_s1_e1_base -dataPath ../data/EMinput/\modified\lt_2019_3ch_f0_s0_e0_m39_s1_e1_base
After EUROMOD counterfactual simulation:  counter 5
   1:      0.03 /        3 =       0.0110
Folder lt_2022_3ch_f0_s0_e0_m39_s1_e1_base will be created
../data/EMoutput/\modifiedlt_2022_3ch_f0_s0_e0_m39_s1_e1_base
winexec C:\Program Files\EUROMOD\Executable/EM_ExecutableCaller.exe -emPath R:\B2\01 - Household
> s\10 - Labour supply model\02 - Working area\02 - Training\EUROLAB 1.0\EUROMOD_MASTER_VERSION_
> I4.167 -sys lt_2022 -data lt_2019_a3 -outPath ../data/EMoutput/\modified\lt_2022_3ch_f0_s0_e0_
> m39_s1_e1_base -dataPath ../data/EMinput/\modified\lt_2019_3ch_f0_s0_e0_m39_s1_e1_base
After EUROMOD counterfactual simulation:  counter 6
   2:      0.04 /        3 =       0.0123
Start counterfactual simulation for hours 0 and hours 56, sector_f 0, emp_stat_f 0, sector_m 1, 
> emp_stat_m 1: 21:38:36   6 Dec 2022
Folder lt_2018_3ch_f0_s0_e0_m56_s1_e1_base will be created
../data/EMoutput/\modifiedlt_2018_3ch_f0_s0_e0_m56_s1_e1_base
winexec C:\Program Files\EUROMOD\Executable/EM_ExecutableCaller.exe -emPath R:\B2\01 - Household
> s\10 - Labour supply model\02 - Working area\02 - Training\EUROLAB 1.0\EUROMOD_MASTER_VERSION_
> I4.167 -sys lt_2018 -data lt_2019_a3 -outPath ../data/EMoutput/\modified\lt_2018_3ch_f0_s0_e0_
> m56_s1_e1_base -dataPath ../data/EMinput/\modified\lt_2019_3ch_f0_s0_e0_m56_s1_e1_base
After EUROMOD counterfactual simulation:  counter 7
   1:      0.05 /        4 =       0.0135
Folder lt_2022_3ch_f0_s0_e0_m56_s1_e1_base will be created
../data/EMoutput/\modifiedlt_2022_3ch_f0_s0_e0_m56_s1_e1_base
winexec C:\Program Files\EUROMOD\Executable/EM_ExecutableCaller.exe -emPath R:\B2\01 - Household
> s\10 - Labour supply model\02 - Working area\02 - Training\EUROLAB 1.0\EUROMOD_MASTER_VERSION_
> I4.167 -sys lt_2022 -data lt_2019_a3 -outPath ../data/EMoutput/\modified\lt_2022_3ch_f0_s0_e0_
> m56_s1_e1_base -dataPath ../data/EMinput/\modified\lt_2019_3ch_f0_s0_e0_m56_s1_e1_base
After EUROMOD counterfactual simulation:  counter 8
   2:      0.05 /        4 =       0.0118
Looking for output file: attemp 1/500
Looking for output file: attemp 2/500
Looking for output file: attemp 3/500
Looking for output file: attemp 4/500
Looking for output file: attemp 5/500
Looking for output file: attemp 6/500
Looking for output file: attemp 7/500
Looking for output file: attemp 8/500
Looking for output file: attemp 9/500
Looking for output file: attemp 10/500
Looking for output file: attemp 11/500
Looking for output file: attemp 12/500
Looking for output file: attemp 13/500
Looking for output file: attemp 14/500
Looking for output file: attemp 15/500
Looking for output file: attemp 16/500
Looking for output file: attemp 17/500
Looking for output file: attemp 18/500
Looking for output file: attemp 19/500
Looking for output file: attemp 20/500
Looking for output file: attemp 21/500
Start counterfactual simulation for hours 22 and hours 0, sector_f 0, emp_stat_f 0, sector_m 1, 
> emp_stat_m 1: 21:38:47   6 Dec 2022
Folder lt_2018_3ch_f22_s1_e1_m0_s0_e0_base will be created
../data/EMoutput/\modifiedlt_2018_3ch_f22_s1_e1_m0_s0_e0_base
winexec C:\Program Files\EUROMOD\Executable/EM_ExecutableCaller.exe -emPath R:\B2\01 - Household
> s\10 - Labour supply model\02 - Working area\02 - Training\EUROLAB 1.0\EUROMOD_MASTER_VERSION_
> I4.167 -sys lt_2018 -data lt_2019_a3 -outPath ../data/EMoutput/\modified\lt_2018_3ch_f22_s1_e1
> _m0_s0_e0_base -dataPath ../data/EMinput/\modified\lt_2019_3ch_f22_s1_e1_m0_s0_e0_base
After EUROMOD counterfactual simulation:  counter 9
   1:      0.07 /        5 =       0.0132
Folder lt_2022_3ch_f22_s1_e1_m0_s0_e0_base will be created
../data/EMoutput/\modifiedlt_2022_3ch_f22_s1_e1_m0_s0_e0_base
winexec C:\Program Files\EUROMOD\Executable/EM_ExecutableCaller.exe -emPath R:\B2\01 - Household
> s\10 - Labour supply model\02 - Working area\02 - Training\EUROLAB 1.0\EUROMOD_MASTER_VERSION_
> I4.167 -sys lt_2022 -data lt_2019_a3 -outPath ../data/EMoutput/\modified\lt_2022_3ch_f22_s1_e1
> _m0_s0_e0_base -dataPath ../data/EMinput/\modified\lt_2019_3ch_f22_s1_e1_m0_s0_e0_base
After EUROMOD counterfactual simulation:  counter 10
   2:      0.06 /        5 =       0.0124
Start counterfactual simulation for hours 22 and hours 22, sector_f 1, emp_stat_f 1, sector_m 0,
>  emp_stat_m 0: 21:38:47   6 Dec 2022
Folder lt_2018_3ch_f22_s1_e1_m22_s1_e1_base will be created
../data/EMoutput/\modifiedlt_2018_3ch_f22_s1_e1_m22_s1_e1_base
winexec C:\Program Files\EUROMOD\Executable/EM_ExecutableCaller.exe -emPath R:\B2\01 - Household
> s\10 - Labour supply model\02 - Working area\02 - Training\EUROLAB 1.0\EUROMOD_MASTER_VERSION_
> I4.167 -sys lt_2018 -data lt_2019_a3 -outPath ../data/EMoutput/\modified\lt_2018_3ch_f22_s1_e1
> _m22_s1_e1_base -dataPath ../data/EMinput/\modified\lt_2019_3ch_f22_s1_e1_m22_s1_e1_base
After EUROMOD counterfactual simulation:  counter 11
   1:      0.08 /        6 =       0.0130
Folder lt_2022_3ch_f22_s1_e1_m22_s1_e1_base will be created
../data/EMoutput/\modifiedlt_2022_3ch_f22_s1_e1_m22_s1_e1_base
winexec C:\Program Files\EUROMOD\Executable/EM_ExecutableCaller.exe -emPath R:\B2\01 - Household
> s\10 - Labour supply model\02 - Working area\02 - Training\EUROLAB 1.0\EUROMOD_MASTER_VERSION_
> I4.167 -sys lt_2022 -data lt_2019_a3 -outPath ../data/EMoutput/\modified\lt_2022_3ch_f22_s1_e1
> _m22_s1_e1_base -dataPath ../data/EMinput/\modified\lt_2019_3ch_f22_s1_e1_m22_s1_e1_base
After EUROMOD counterfactual simulation:  counter 12
   2:      0.09 /        6 =       0.0142
Start counterfactual simulation for hours 22 and hours 39, sector_f 1, emp_stat_f 1, sector_m 1,
>  emp_stat_m 1: 21:38:47   6 Dec 2022
Folder lt_2018_3ch_f22_s1_e1_m39_s1_e1_base will be created
../data/EMoutput/\modifiedlt_2018_3ch_f22_s1_e1_m39_s1_e1_base
winexec C:\Program Files\EUROMOD\Executable/EM_ExecutableCaller.exe -emPath R:\B2\01 - Household
> s\10 - Labour supply model\02 - Working area\02 - Training\EUROLAB 1.0\EUROMOD_MASTER_VERSION_
> I4.167 -sys lt_2018 -data lt_2019_a3 -outPath ../data/EMoutput/\modified\lt_2018_3ch_f22_s1_e1
> _m39_s1_e1_base -dataPath ../data/EMinput/\modified\lt_2019_3ch_f22_s1_e1_m39_s1_e1_base
After EUROMOD counterfactual simulation:  counter 13
   1:      0.11 /        7 =       0.0164
Folder lt_2022_3ch_f22_s1_e1_m39_s1_e1_base will be created
../data/EMoutput/\modifiedlt_2022_3ch_f22_s1_e1_m39_s1_e1_base
winexec C:\Program Files\EUROMOD\Executable/EM_ExecutableCaller.exe -emPath R:\B2\01 - Household
> s\10 - Labour supply model\02 - Working area\02 - Training\EUROLAB 1.0\EUROMOD_MASTER_VERSION_
> I4.167 -sys lt_2022 -data lt_2019_a3 -outPath ../data/EMoutput/\modified\lt_2022_3ch_f22_s1_e1
> _m39_s1_e1_base -dataPath ../data/EMinput/\modified\lt_2019_3ch_f22_s1_e1_m39_s1_e1_base
After EUROMOD counterfactual simulation:  counter 14
   2:      0.10 /        7 =       0.0144
Start counterfactual simulation for hours 22 and hours 56, sector_f 1, emp_stat_f 1, sector_m 1,
>  emp_stat_m 1: 21:38:47   6 Dec 2022
Folder lt_2018_3ch_f22_s1_e1_m56_s1_e1_base will be created
../data/EMoutput/\modifiedlt_2018_3ch_f22_s1_e1_m56_s1_e1_base
winexec C:\Program Files\EUROMOD\Executable/EM_ExecutableCaller.exe -emPath R:\B2\01 - Household
> s\10 - Labour supply model\02 - Working area\02 - Training\EUROLAB 1.0\EUROMOD_MASTER_VERSION_
> I4.167 -sys lt_2018 -data lt_2019_a3 -outPath ../data/EMoutput/\modified\lt_2018_3ch_f22_s1_e1
> _m56_s1_e1_base -dataPath ../data/EMinput/\modified\lt_2019_3ch_f22_s1_e1_m56_s1_e1_base
After EUROMOD counterfactual simulation:  counter 15
   1:      0.15 /        8 =       0.0186
Folder lt_2022_3ch_f22_s1_e1_m56_s1_e1_base will be created
../data/EMoutput/\modifiedlt_2022_3ch_f22_s1_e1_m56_s1_e1_base
winexec C:\Program Files\EUROMOD\Executable/EM_ExecutableCaller.exe -emPath R:\B2\01 - Household
> s\10 - Labour supply model\02 - Working area\02 - Training\EUROLAB 1.0\EUROMOD_MASTER_VERSION_
> I4.167 -sys lt_2022 -data lt_2019_a3 -outPath ../data/EMoutput/\modified\lt_2022_3ch_f22_s1_e1
> _m56_s1_e1_base -dataPath ../data/EMinput/\modified\lt_2019_3ch_f22_s1_e1_m56_s1_e1_base
After EUROMOD counterfactual simulation:  counter 16
   2:      0.12 /        8 =       0.0144
Looking for output file: attemp 1/500
Looking for output file: attemp 2/500
Looking for output file: attemp 3/500
Looking for output file: attemp 4/500
Looking for output file: attemp 5/500
Looking for output file: attemp 6/500
Looking for output file: attemp 7/500
Looking for output file: attemp 8/500
Looking for output file: attemp 9/500
Looking for output file: attemp 10/500
Looking for output file: attemp 11/500
Looking for output file: attemp 12/500
Looking for output file: attemp 13/500
Looking for output file: attemp 14/500
Looking for output file: attemp 15/500
Looking for output file: attemp 16/500
Looking for output file: attemp 17/500
Looking for output file: attemp 18/500
Looking for output file: attemp 19/500
Start counterfactual simulation for hours 39 and hours 0, sector_f 1, emp_stat_f 1, sector_m 1, 
> emp_stat_m 1: 21:38:57   6 Dec 2022
Folder lt_2018_3ch_f39_s1_e1_m0_s0_e0_base will be created
../data/EMoutput/\modifiedlt_2018_3ch_f39_s1_e1_m0_s0_e0_base
winexec C:\Program Files\EUROMOD\Executable/EM_ExecutableCaller.exe -emPath R:\B2\01 - Household
> s\10 - Labour supply model\02 - Working area\02 - Training\EUROLAB 1.0\EUROMOD_MASTER_VERSION_
> I4.167 -sys lt_2018 -data lt_2019_a3 -outPath ../data/EMoutput/\modified\lt_2018_3ch_f39_s1_e1
> _m0_s0_e0_base -dataPath ../data/EMinput/\modified\lt_2019_3ch_f39_s1_e1_m0_s0_e0_base
After EUROMOD counterfactual simulation:  counter 17
   1:      0.20 /        9 =       0.0223
Folder lt_2022_3ch_f39_s1_e1_m0_s0_e0_base will be created
../data/EMoutput/\modifiedlt_2022_3ch_f39_s1_e1_m0_s0_e0_base
winexec C:\Program Files\EUROMOD\Executable/EM_ExecutableCaller.exe -emPath R:\B2\01 - Household
> s\10 - Labour supply model\02 - Working area\02 - Training\EUROLAB 1.0\EUROMOD_MASTER_VERSION_
> I4.167 -sys lt_2022 -data lt_2019_a3 -outPath ../data/EMoutput/\modified\lt_2022_3ch_f39_s1_e1
> _m0_s0_e0_base -dataPath ../data/EMinput/\modified\lt_2019_3ch_f39_s1_e1_m0_s0_e0_base
After EUROMOD counterfactual simulation:  counter 18
   2:      0.14 /        9 =       0.0151
Start counterfactual simulation for hours 39 and hours 22, sector_f 1, emp_stat_f 1, sector_m 0,
>  emp_stat_m 0: 21:38:57   6 Dec 2022
Folder lt_2018_3ch_f39_s1_e1_m22_s1_e1_base will be created
../data/EMoutput/\modifiedlt_2018_3ch_f39_s1_e1_m22_s1_e1_base
winexec C:\Program Files\EUROMOD\Executable/EM_ExecutableCaller.exe -emPath R:\B2\01 - Household
> s\10 - Labour supply model\02 - Working area\02 - Training\EUROLAB 1.0\EUROMOD_MASTER_VERSION_
> I4.167 -sys lt_2018 -data lt_2019_a3 -outPath ../data/EMoutput/\modified\lt_2018_3ch_f39_s1_e1
> _m22_s1_e1_base -dataPath ../data/EMinput/\modified\lt_2019_3ch_f39_s1_e1_m22_s1_e1_base
After EUROMOD counterfactual simulation:  counter 19
   1:      0.21 /       10 =       0.0212
Folder lt_2022_3ch_f39_s1_e1_m22_s1_e1_base will be created
../data/EMoutput/\modifiedlt_2022_3ch_f39_s1_e1_m22_s1_e1_base
winexec C:\Program Files\EUROMOD\Executable/EM_ExecutableCaller.exe -emPath R:\B2\01 - Household
> s\10 - Labour supply model\02 - Working area\02 - Training\EUROLAB 1.0\EUROMOD_MASTER_VERSION_
> I4.167 -sys lt_2022 -data lt_2019_a3 -outPath ../data/EMoutput/\modified\lt_2022_3ch_f39_s1_e1
> _m22_s1_e1_base -dataPath ../data/EMinput/\modified\lt_2019_3ch_f39_s1_e1_m22_s1_e1_base
After EUROMOD counterfactual simulation:  counter 20
   2:      0.15 /       10 =       0.0152
Start counterfactual simulation for hours 39 and hours 39, sector_f 1, emp_stat_f 1, sector_m 1,
>  emp_stat_m 1: 21:38:57   6 Dec 2022
Folder lt_2018_3ch_f39_s1_e1_m39_s1_e1_base will be created
../data/EMoutput/\modifiedlt_2018_3ch_f39_s1_e1_m39_s1_e1_base
winexec C:\Program Files\EUROMOD\Executable/EM_ExecutableCaller.exe -emPath R:\B2\01 - Household
> s\10 - Labour supply model\02 - Working area\02 - Training\EUROLAB 1.0\EUROMOD_MASTER_VERSION_
> I4.167 -sys lt_2018 -data lt_2019_a3 -outPath ../data/EMoutput/\modified\lt_2018_3ch_f39_s1_e1
> _m39_s1_e1_base -dataPath ../data/EMinput/\modified\lt_2019_3ch_f39_s1_e1_m39_s1_e1_base
After EUROMOD counterfactual simulation:  counter 21
   1:      0.23 /       11 =       0.0207
Folder lt_2022_3ch_f39_s1_e1_m39_s1_e1_base will be created
../data/EMoutput/\modifiedlt_2022_3ch_f39_s1_e1_m39_s1_e1_base
winexec C:\Program Files\EUROMOD\Executable/EM_ExecutableCaller.exe -emPath R:\B2\01 - Household
> s\10 - Labour supply model\02 - Working area\02 - Training\EUROLAB 1.0\EUROMOD_MASTER_VERSION_
> I4.167 -sys lt_2022 -data lt_2019_a3 -outPath ../data/EMoutput/\modified\lt_2022_3ch_f39_s1_e1
> _m39_s1_e1_base -dataPath ../data/EMinput/\modified\lt_2019_3ch_f39_s1_e1_m39_s1_e1_base
After EUROMOD counterfactual simulation:  counter 22
   2:      0.16 /       11 =       0.0148
Start counterfactual simulation for hours 39 and hours 56, sector_f 1, emp_stat_f 1, sector_m 1,
>  emp_stat_m 1: 21:38:57   6 Dec 2022
Folder lt_2018_3ch_f39_s1_e1_m56_s1_e1_base will be created
../data/EMoutput/\modifiedlt_2018_3ch_f39_s1_e1_m56_s1_e1_base
winexec C:\Program Files\EUROMOD\Executable/EM_ExecutableCaller.exe -emPath R:\B2\01 - Household
> s\10 - Labour supply model\02 - Working area\02 - Training\EUROLAB 1.0\EUROMOD_MASTER_VERSION_
> I4.167 -sys lt_2018 -data lt_2019_a3 -outPath ../data/EMoutput/\modified\lt_2018_3ch_f39_s1_e1
> _m56_s1_e1_base -dataPath ../data/EMinput/\modified\lt_2019_3ch_f39_s1_e1_m56_s1_e1_base
After EUROMOD counterfactual simulation:  counter 23
   1:      0.25 /       12 =       0.0208
Folder lt_2022_3ch_f39_s1_e1_m56_s1_e1_base will be created
../data/EMoutput/\modifiedlt_2022_3ch_f39_s1_e1_m56_s1_e1_base
winexec C:\Program Files\EUROMOD\Executable/EM_ExecutableCaller.exe -emPath R:\B2\01 - Household
> s\10 - Labour supply model\02 - Working area\02 - Training\EUROLAB 1.0\EUROMOD_MASTER_VERSION_
> I4.167 -sys lt_2022 -data lt_2019_a3 -outPath ../data/EMoutput/\modified\lt_2022_3ch_f39_s1_e1
> _m56_s1_e1_base -dataPath ../data/EMinput/\modified\lt_2019_3ch_f39_s1_e1_m56_s1_e1_base
After EUROMOD counterfactual simulation:  counter 24
   2:      0.18 /       12 =       0.0147
Looking for output file: attemp 1/500
Looking for output file: attemp 2/500
Looking for output file: attemp 3/500
Looking for output file: attemp 4/500
Looking for output file: attemp 5/500
Looking for output file: attemp 6/500
Looking for output file: attemp 7/500
Looking for output file: attemp 8/500
Looking for output file: attemp 9/500
Looking for output file: attemp 10/500
Looking for output file: attemp 11/500
Looking for output file: attemp 12/500
Looking for output file: attemp 13/500
Looking for output file: attemp 14/500
Looking for output file: attemp 15/500
Looking for output file: attemp 16/500
Looking for output file: attemp 17/500
Looking for output file: attemp 18/500
Looking for output file: attemp 19/500
Start counterfactual simulation for hours 56 and hours 0, sector_f 1, emp_stat_f 1, sector_m 1, 
> emp_stat_m 1: 21:39:08   6 Dec 2022
Folder lt_2018_3ch_f56_s1_e1_m0_s0_e0_base will be created
../data/EMoutput/\modifiedlt_2018_3ch_f56_s1_e1_m0_s0_e0_base
winexec C:\Program Files\EUROMOD\Executable/EM_ExecutableCaller.exe -emPath R:\B2\01 - Household
> s\10 - Labour supply model\02 - Working area\02 - Training\EUROLAB 1.0\EUROMOD_MASTER_VERSION_
> I4.167 -sys lt_2018 -data lt_2019_a3 -outPath ../data/EMoutput/\modified\lt_2018_3ch_f56_s1_e1
> _m0_s0_e0_base -dataPath ../data/EMinput/\modified\lt_2019_3ch_f56_s1_e1_m0_s0_e0_base
After EUROMOD counterfactual simulation:  counter 25
   1:      0.27 /       13 =       0.0205
Folder lt_2022_3ch_f56_s1_e1_m0_s0_e0_base will be created
../data/EMoutput/\modifiedlt_2022_3ch_f56_s1_e1_m0_s0_e0_base
winexec C:\Program Files\EUROMOD\Executable/EM_ExecutableCaller.exe -emPath R:\B2\01 - Household
> s\10 - Labour supply model\02 - Working area\02 - Training\EUROLAB 1.0\EUROMOD_MASTER_VERSION_
> I4.167 -sys lt_2022 -data lt_2019_a3 -outPath ../data/EMoutput/\modified\lt_2022_3ch_f56_s1_e1
> _m0_s0_e0_base -dataPath ../data/EMinput/\modified\lt_2019_3ch_f56_s1_e1_m0_s0_e0_base
After EUROMOD counterfactual simulation:  counter 26
   2:      0.19 /       13 =       0.0147
Start counterfactual simulation for hours 56 and hours 22, sector_f 1, emp_stat_f 1, sector_m 0,
>  emp_stat_m 0: 21:39:08   6 Dec 2022
Folder lt_2018_3ch_f56_s1_e1_m22_s1_e1_base will be created
../data/EMoutput/\modifiedlt_2018_3ch_f56_s1_e1_m22_s1_e1_base
winexec C:\Program Files\EUROMOD\Executable/EM_ExecutableCaller.exe -emPath R:\B2\01 - Household
> s\10 - Labour supply model\02 - Working area\02 - Training\EUROLAB 1.0\EUROMOD_MASTER_VERSION_
> I4.167 -sys lt_2018 -data lt_2019_a3 -outPath ../data/EMoutput/\modified\lt_2018_3ch_f56_s1_e1
> _m22_s1_e1_base -dataPath ../data/EMinput/\modified\lt_2019_3ch_f56_s1_e1_m22_s1_e1_base
After EUROMOD counterfactual simulation:  counter 27
   1:      0.29 /       14 =       0.0204
Folder lt_2022_3ch_f56_s1_e1_m22_s1_e1_base will be created
../data/EMoutput/\modifiedlt_2022_3ch_f56_s1_e1_m22_s1_e1_base
winexec C:\Program Files\EUROMOD\Executable/EM_ExecutableCaller.exe -emPath R:\B2\01 - Household
> s\10 - Labour supply model\02 - Working area\02 - Training\EUROLAB 1.0\EUROMOD_MASTER_VERSION_
> I4.167 -sys lt_2022 -data lt_2019_a3 -outPath ../data/EMoutput/\modified\lt_2022_3ch_f56_s1_e1
> _m22_s1_e1_base -dataPath ../data/EMinput/\modified\lt_2019_3ch_f56_s1_e1_m22_s1_e1_base
After EUROMOD counterfactual simulation:  counter 28
   2:      0.21 /       14 =       0.0146
Start counterfactual simulation for hours 56 and hours 39, sector_f 1, emp_stat_f 1, sector_m 1,
>  emp_stat_m 1: 21:39:08   6 Dec 2022
Folder lt_2018_3ch_f56_s1_e1_m39_s1_e1_base will be created
../data/EMoutput/\modifiedlt_2018_3ch_f56_s1_e1_m39_s1_e1_base
winexec C:\Program Files\EUROMOD\Executable/EM_ExecutableCaller.exe -emPath R:\B2\01 - Household
> s\10 - Labour supply model\02 - Working area\02 - Training\EUROLAB 1.0\EUROMOD_MASTER_VERSION_
> I4.167 -sys lt_2018 -data lt_2019_a3 -outPath ../data/EMoutput/\modified\lt_2018_3ch_f56_s1_e1
> _m39_s1_e1_base -dataPath ../data/EMinput/\modified\lt_2019_3ch_f56_s1_e1_m39_s1_e1_base
After EUROMOD counterfactual simulation:  counter 29
   1:      0.30 /       15 =       0.0199
Folder lt_2022_3ch_f56_s1_e1_m39_s1_e1_base will be created
../data/EMoutput/\modifiedlt_2022_3ch_f56_s1_e1_m39_s1_e1_base
winexec C:\Program Files\EUROMOD\Executable/EM_ExecutableCaller.exe -emPath R:\B2\01 - Household
> s\10 - Labour supply model\02 - Working area\02 - Training\EUROLAB 1.0\EUROMOD_MASTER_VERSION_
> I4.167 -sys lt_2022 -data lt_2019_a3 -outPath ../data/EMoutput/\modified\lt_2022_3ch_f56_s1_e1
> _m39_s1_e1_base -dataPath ../data/EMinput/\modified\lt_2019_3ch_f56_s1_e1_m39_s1_e1_base
After EUROMOD counterfactual simulation:  counter 30
   2:      0.22 /       15 =       0.0149
Start counterfactual simulation for hours 56 and hours 56, sector_f 1, emp_stat_f 1, sector_m 1,
>  emp_stat_m 1: 21:39:08   6 Dec 2022
Folder lt_2018_3ch_f56_s1_e1_m56_s1_e1_base will be created
../data/EMoutput/\modifiedlt_2018_3ch_f56_s1_e1_m56_s1_e1_base
winexec C:\Program Files\EUROMOD\Executable/EM_ExecutableCaller.exe -emPath R:\B2\01 - Household
> s\10 - Labour supply model\02 - Working area\02 - Training\EUROLAB 1.0\EUROMOD_MASTER_VERSION_
> I4.167 -sys lt_2018 -data lt_2019_a3 -outPath ../data/EMoutput/\modified\lt_2018_3ch_f56_s1_e1
> _m56_s1_e1_base -dataPath ../data/EMinput/\modified\lt_2019_3ch_f56_s1_e1_m56_s1_e1_base
After EUROMOD counterfactual simulation:  counter 31
   1:      0.32 /       16 =       0.0197
Folder lt_2022_3ch_f56_s1_e1_m56_s1_e1_base will be created
../data/EMoutput/\modifiedlt_2022_3ch_f56_s1_e1_m56_s1_e1_base
winexec C:\Program Files\EUROMOD\Executable/EM_ExecutableCaller.exe -emPath R:\B2\01 - Household
> s\10 - Labour supply model\02 - Working area\02 - Training\EUROLAB 1.0\EUROMOD_MASTER_VERSION_
> I4.167 -sys lt_2022 -data lt_2019_a3 -outPath ../data/EMoutput/\modified\lt_2022_3ch_f56_s1_e1
> _m56_s1_e1_base -dataPath ../data/EMinput/\modified\lt_2019_3ch_f56_s1_e1_m56_s1_e1_base
After EUROMOD counterfactual simulation:  counter 32
   2:      0.27 /       16 =       0.0171
Looking for output file: attemp 1/500
Looking for output file: attemp 2/500
Looking for output file: attemp 3/500
Looking for output file: attemp 4/500
Looking for output file: attemp 5/500
Looking for output file: attemp 6/500
Looking for output file: attemp 7/500
Looking for output file: attemp 8/500
Looking for output file: attemp 9/500
Looking for output file: attemp 10/500
Looking for output file: attemp 11/500
Looking for output file: attemp 12/500
Looking for output file: attemp 13/500
Looking for output file: attemp 14/500
Looking for output file: attemp 15/500
Looking for output file: attemp 16/500
Looking for output file: attemp 17/500
Looking for output file: attemp 18/500
Foreach m full simulation
Folder lt_2019_3ch_full_m will be created
shell C:\Program Files\EUROMOD\Executable/EM_ExecutableCaller.exe -emPath R:\B2\01 - Households\
> 10 - Labour supply model\02 - Working area\02 - Training\EUROLAB 1.0\EUROMOD_MASTER_VERSION_I4
> .167 -sys lt_2018 -data lt_2019_a3 -outPath ../data/EMoutput/\modified\lt_2019_3ch_full_m -dat
> aPath ../data/EMinput/\modified
After EUROMOD execution in Folder ../data/EMoutput/\modified\lt_2019_3ch_full_m: 2018
END: 21:39:18   6 Dec 2022
Start counterfactual simulation for hours 0 and hours 0, sector_f 1, emp_stat_f 1, sector_m 1, e
> mp_stat_m 1: 21:39:18   6 Dec 2022
Folder lt_2018_3ch_f0_s0_e0_m0_s0_e0_m will be created
../data/EMoutput/\modifiedlt_2018_3ch_f0_s0_e0_m0_s0_e0_m
winexec C:\Program Files\EUROMOD\Executable/EM_ExecutableCaller.exe -emPath R:\B2\01 - Household
> s\10 - Labour supply model\02 - Working area\02 - Training\EUROLAB 1.0\EUROMOD_MASTER_VERSION_
> I4.167 -sys lt_2018 -data lt_2019_a3 -outPath ../data/EMoutput/\modified\lt_2018_3ch_f0_s0_e0_
> m0_s0_e0_m -dataPath ../data/EMinput/\modified\lt_2019_3ch_f0_s0_e0_m0_s0_e0_m
After EUROMOD counterfactual simulation:  counter 33
   1:      0.34 /       17 =       0.0203
Start counterfactual simulation for hours 0 and hours 22, sector_f 0, emp_stat_f 0, sector_m 0, 
> emp_stat_m 0: 21:39:18   6 Dec 2022
Folder lt_2018_3ch_f0_s0_e0_m22_s1_e1_m will be created
../data/EMoutput/\modifiedlt_2018_3ch_f0_s0_e0_m22_s1_e1_m
winexec C:\Program Files\EUROMOD\Executable/EM_ExecutableCaller.exe -emPath R:\B2\01 - Household
> s\10 - Labour supply model\02 - Working area\02 - Training\EUROLAB 1.0\EUROMOD_MASTER_VERSION_
> I4.167 -sys lt_2018 -data lt_2019_a3 -outPath ../data/EMoutput/\modified\lt_2018_3ch_f0_s0_e0_
> m22_s1_e1_m -dataPath ../data/EMinput/\modified\lt_2019_3ch_f0_s0_e0_m22_s1_e1_m
After EUROMOD counterfactual simulation:  counter 34
   1:      0.36 /       18 =       0.0203
Start counterfactual simulation for hours 0 and hours 39, sector_f 0, emp_stat_f 0, sector_m 1, 
> emp_stat_m 1: 21:39:18   6 Dec 2022
Folder lt_2018_3ch_f0_s0_e0_m39_s1_e1_m will be created
../data/EMoutput/\modifiedlt_2018_3ch_f0_s0_e0_m39_s1_e1_m
winexec C:\Program Files\EUROMOD\Executable/EM_ExecutableCaller.exe -emPath R:\B2\01 - Household
> s\10 - Labour supply model\02 - Working area\02 - Training\EUROLAB 1.0\EUROMOD_MASTER_VERSION_
> I4.167 -sys lt_2018 -data lt_2019_a3 -outPath ../data/EMoutput/\modified\lt_2018_3ch_f0_s0_e0_
> m39_s1_e1_m -dataPath ../data/EMinput/\modified\lt_2019_3ch_f0_s0_e0_m39_s1_e1_m
After EUROMOD counterfactual simulation:  counter 35
   1:      0.38 /       19 =       0.0199
Start counterfactual simulation for hours 0 and hours 56, sector_f 0, emp_stat_f 0, sector_m 1, 
> emp_stat_m 1: 21:39:18   6 Dec 2022
Folder lt_2018_3ch_f0_s0_e0_m56_s1_e1_m will be created
../data/EMoutput/\modifiedlt_2018_3ch_f0_s0_e0_m56_s1_e1_m
winexec C:\Program Files\EUROMOD\Executable/EM_ExecutableCaller.exe -emPath R:\B2\01 - Household
> s\10 - Labour supply model\02 - Working area\02 - Training\EUROLAB 1.0\EUROMOD_MASTER_VERSION_
> I4.167 -sys lt_2018 -data lt_2019_a3 -outPath ../data/EMoutput/\modified\lt_2018_3ch_f0_s0_e0_
> m56_s1_e1_m -dataPath ../data/EMinput/\modified\lt_2019_3ch_f0_s0_e0_m56_s1_e1_m
After EUROMOD counterfactual simulation:  counter 36
   1:      0.40 /       20 =       0.0201
Start counterfactual simulation for hours 22 and hours 0, sector_f 0, emp_stat_f 0, sector_m 1, 
> emp_stat_m 1: 21:39:18   6 Dec 2022
Folder lt_2018_3ch_f22_s1_e1_m0_s0_e0_m will be created
../data/EMoutput/\modifiedlt_2018_3ch_f22_s1_e1_m0_s0_e0_m
winexec C:\Program Files\EUROMOD\Executable/EM_ExecutableCaller.exe -emPath R:\B2\01 - Household
> s\10 - Labour supply model\02 - Working area\02 - Training\EUROLAB 1.0\EUROMOD_MASTER_VERSION_
> I4.167 -sys lt_2018 -data lt_2019_a3 -outPath ../data/EMoutput/\modified\lt_2018_3ch_f22_s1_e1
> _m0_s0_e0_m -dataPath ../data/EMinput/\modified\lt_2019_3ch_f22_s1_e1_m0_s0_e0_m
After EUROMOD counterfactual simulation:  counter 37
   1:      0.41 /       21 =       0.0197
Start counterfactual simulation for hours 22 and hours 22, sector_f 1, emp_stat_f 1, sector_m 0,
>  emp_stat_m 0: 21:39:18   6 Dec 2022
Folder lt_2018_3ch_f22_s1_e1_m22_s1_e1_m will be created
../data/EMoutput/\modifiedlt_2018_3ch_f22_s1_e1_m22_s1_e1_m
winexec C:\Program Files\EUROMOD\Executable/EM_ExecutableCaller.exe -emPath R:\B2\01 - Household
> s\10 - Labour supply model\02 - Working area\02 - Training\EUROLAB 1.0\EUROMOD_MASTER_VERSION_
> I4.167 -sys lt_2018 -data lt_2019_a3 -outPath ../data/EMoutput/\modified\lt_2018_3ch_f22_s1_e1
> _m22_s1_e1_m -dataPath ../data/EMinput/\modified\lt_2019_3ch_f22_s1_e1_m22_s1_e1_m
After EUROMOD counterfactual simulation:  counter 38
   1:      0.43 /       22 =       0.0194
Start counterfactual simulation for hours 22 and hours 39, sector_f 1, emp_stat_f 1, sector_m 1,
>  emp_stat_m 1: 21:39:18   6 Dec 2022
Folder lt_2018_3ch_f22_s1_e1_m39_s1_e1_m will be created
../data/EMoutput/\modifiedlt_2018_3ch_f22_s1_e1_m39_s1_e1_m
winexec C:\Program Files\EUROMOD\Executable/EM_ExecutableCaller.exe -emPath R:\B2\01 - Household
> s\10 - Labour supply model\02 - Working area\02 - Training\EUROLAB 1.0\EUROMOD_MASTER_VERSION_
> I4.167 -sys lt_2018 -data lt_2019_a3 -outPath ../data/EMoutput/\modified\lt_2018_3ch_f22_s1_e1
> _m39_s1_e1_m -dataPath ../data/EMinput/\modified\lt_2019_3ch_f22_s1_e1_m39_s1_e1_m
After EUROMOD counterfactual simulation:  counter 39
   1:      0.45 /       23 =       0.0197
Start counterfactual simulation for hours 22 and hours 56, sector_f 1, emp_stat_f 1, sector_m 1,
>  emp_stat_m 1: 21:39:18   6 Dec 2022
Folder lt_2018_3ch_f22_s1_e1_m56_s1_e1_m will be created
../data/EMoutput/\modifiedlt_2018_3ch_f22_s1_e1_m56_s1_e1_m
winexec C:\Program Files\EUROMOD\Executable/EM_ExecutableCaller.exe -emPath R:\B2\01 - Household
> s\10 - Labour supply model\02 - Working area\02 - Training\EUROLAB 1.0\EUROMOD_MASTER_VERSION_
> I4.167 -sys lt_2018 -data lt_2019_a3 -outPath ../data/EMoutput/\modified\lt_2018_3ch_f22_s1_e1
> _m56_s1_e1_m -dataPath ../data/EMinput/\modified\lt_2019_3ch_f22_s1_e1_m56_s1_e1_m
After EUROMOD counterfactual simulation:  counter 40
   1:      0.47 /       24 =       0.0194
Looking for output file: attemp 1/500
Looking for output file: attemp 2/500
Looking for output file: attemp 3/500
Looking for output file: attemp 4/500
Looking for output file: attemp 5/500
Looking for output file: attemp 6/500
Looking for output file: attemp 7/500
Looking for output file: attemp 8/500
Looking for output file: attemp 9/500
Looking for output file: attemp 10/500
Looking for output file: attemp 11/500
Looking for output file: attemp 12/500
Looking for output file: attemp 13/500
Looking for output file: attemp 14/500
Looking for output file: attemp 15/500
Looking for output file: attemp 16/500
Looking for output file: attemp 17/500
Looking for output file: attemp 18/500
Start counterfactual simulation for hours 39 and hours 0, sector_f 1, emp_stat_f 1, sector_m 1, 
> emp_stat_m 1: 21:39:28   6 Dec 2022
Folder lt_2018_3ch_f39_s1_e1_m0_s0_e0_m will be created
../data/EMoutput/\modifiedlt_2018_3ch_f39_s1_e1_m0_s0_e0_m
winexec C:\Program Files\EUROMOD\Executable/EM_ExecutableCaller.exe -emPath R:\B2\01 - Household
> s\10 - Labour supply model\02 - Working area\02 - Training\EUROLAB 1.0\EUROMOD_MASTER_VERSION_
> I4.167 -sys lt_2018 -data lt_2019_a3 -outPath ../data/EMoutput/\modified\lt_2018_3ch_f39_s1_e1
> _m0_s0_e0_m -dataPath ../data/EMinput/\modified\lt_2019_3ch_f39_s1_e1_m0_s0_e0_m
After EUROMOD counterfactual simulation:  counter 41
   1:      0.48 /       25 =       0.0190
Start counterfactual simulation for hours 39 and hours 22, sector_f 1, emp_stat_f 1, sector_m 0,
>  emp_stat_m 0: 21:39:28   6 Dec 2022
Folder lt_2018_3ch_f39_s1_e1_m22_s1_e1_m will be created
../data/EMoutput/\modifiedlt_2018_3ch_f39_s1_e1_m22_s1_e1_m
winexec C:\Program Files\EUROMOD\Executable/EM_ExecutableCaller.exe -emPath R:\B2\01 - Household
> s\10 - Labour supply model\02 - Working area\02 - Training\EUROLAB 1.0\EUROMOD_MASTER_VERSION_
> I4.167 -sys lt_2018 -data lt_2019_a3 -outPath ../data/EMoutput/\modified\lt_2018_3ch_f39_s1_e1
> _m22_s1_e1_m -dataPath ../data/EMinput/\modified\lt_2019_3ch_f39_s1_e1_m22_s1_e1_m
After EUROMOD counterfactual simulation:  counter 42
   1:      0.50 /       26 =       0.0190
Start counterfactual simulation for hours 39 and hours 39, sector_f 1, emp_stat_f 1, sector_m 1,
>  emp_stat_m 1: 21:39:28   6 Dec 2022
Folder lt_2018_3ch_f39_s1_e1_m39_s1_e1_m will be created
../data/EMoutput/\modifiedlt_2018_3ch_f39_s1_e1_m39_s1_e1_m
winexec C:\Program Files\EUROMOD\Executable/EM_ExecutableCaller.exe -emPath R:\B2\01 - Household
> s\10 - Labour supply model\02 - Working area\02 - Training\EUROLAB 1.0\EUROMOD_MASTER_VERSION_
> I4.167 -sys lt_2018 -data lt_2019_a3 -outPath ../data/EMoutput/\modified\lt_2018_3ch_f39_s1_e1
> _m39_s1_e1_m -dataPath ../data/EMinput/\modified\lt_2019_3ch_f39_s1_e1_m39_s1_e1_m
After EUROMOD counterfactual simulation:  counter 43
   1:      0.52 /       27 =       0.0191
Start counterfactual simulation for hours 39 and hours 56, sector_f 1, emp_stat_f 1, sector_m 1,
>  emp_stat_m 1: 21:39:28   6 Dec 2022
Folder lt_2018_3ch_f39_s1_e1_m56_s1_e1_m will be created
../data/EMoutput/\modifiedlt_2018_3ch_f39_s1_e1_m56_s1_e1_m
winexec C:\Program Files\EUROMOD\Executable/EM_ExecutableCaller.exe -emPath R:\B2\01 - Household
> s\10 - Labour supply model\02 - Working area\02 - Training\EUROLAB 1.0\EUROMOD_MASTER_VERSION_
> I4.167 -sys lt_2018 -data lt_2019_a3 -outPath ../data/EMoutput/\modified\lt_2018_3ch_f39_s1_e1
> _m56_s1_e1_m -dataPath ../data/EMinput/\modified\lt_2019_3ch_f39_s1_e1_m56_s1_e1_m
After EUROMOD counterfactual simulation:  counter 44
   1:      0.53 /       28 =       0.0188
Start counterfactual simulation for hours 56 and hours 0, sector_f 1, emp_stat_f 1, sector_m 1, 
> emp_stat_m 1: 21:39:28   6 Dec 2022
Folder lt_2018_3ch_f56_s1_e1_m0_s0_e0_m will be created
../data/EMoutput/\modifiedlt_2018_3ch_f56_s1_e1_m0_s0_e0_m
winexec C:\Program Files\EUROMOD\Executable/EM_ExecutableCaller.exe -emPath R:\B2\01 - Household
> s\10 - Labour supply model\02 - Working area\02 - Training\EUROLAB 1.0\EUROMOD_MASTER_VERSION_
> I4.167 -sys lt_2018 -data lt_2019_a3 -outPath ../data/EMoutput/\modified\lt_2018_3ch_f56_s1_e1
> _m0_s0_e0_m -dataPath ../data/EMinput/\modified\lt_2019_3ch_f56_s1_e1_m0_s0_e0_m
After EUROMOD counterfactual simulation:  counter 45
   1:      0.54 /       29 =       0.0187
Start counterfactual simulation for hours 56 and hours 22, sector_f 1, emp_stat_f 1, sector_m 0,
>  emp_stat_m 0: 21:39:28   6 Dec 2022
Folder lt_2018_3ch_f56_s1_e1_m22_s1_e1_m will be created
../data/EMoutput/\modifiedlt_2018_3ch_f56_s1_e1_m22_s1_e1_m
winexec C:\Program Files\EUROMOD\Executable/EM_ExecutableCaller.exe -emPath R:\B2\01 - Household
> s\10 - Labour supply model\02 - Working area\02 - Training\EUROLAB 1.0\EUROMOD_MASTER_VERSION_
> I4.167 -sys lt_2018 -data lt_2019_a3 -outPath ../data/EMoutput/\modified\lt_2018_3ch_f56_s1_e1
> _m22_s1_e1_m -dataPath ../data/EMinput/\modified\lt_2019_3ch_f56_s1_e1_m22_s1_e1_m
After EUROMOD counterfactual simulation:  counter 46
   1:      0.57 /       30 =       0.0191
Start counterfactual simulation for hours 56 and hours 39, sector_f 1, emp_stat_f 1, sector_m 1,
>  emp_stat_m 1: 21:39:28   6 Dec 2022
Folder lt_2018_3ch_f56_s1_e1_m39_s1_e1_m will be created
../data/EMoutput/\modifiedlt_2018_3ch_f56_s1_e1_m39_s1_e1_m
winexec C:\Program Files\EUROMOD\Executable/EM_ExecutableCaller.exe -emPath R:\B2\01 - Household
> s\10 - Labour supply model\02 - Working area\02 - Training\EUROLAB 1.0\EUROMOD_MASTER_VERSION_
> I4.167 -sys lt_2018 -data lt_2019_a3 -outPath ../data/EMoutput/\modified\lt_2018_3ch_f56_s1_e1
> _m39_s1_e1_m -dataPath ../data/EMinput/\modified\lt_2019_3ch_f56_s1_e1_m39_s1_e1_m
After EUROMOD counterfactual simulation:  counter 47
   1:      0.59 /       31 =       0.0189
Start counterfactual simulation for hours 56 and hours 56, sector_f 1, emp_stat_f 1, sector_m 1,
>  emp_stat_m 1: 21:39:28   6 Dec 2022
Folder lt_2018_3ch_f56_s1_e1_m56_s1_e1_m will be created
../data/EMoutput/\modifiedlt_2018_3ch_f56_s1_e1_m56_s1_e1_m
winexec C:\Program Files\EUROMOD\Executable/EM_ExecutableCaller.exe -emPath R:\B2\01 - Household
> s\10 - Labour supply model\02 - Working area\02 - Training\EUROLAB 1.0\EUROMOD_MASTER_VERSION_
> I4.167 -sys lt_2018 -data lt_2019_a3 -outPath ../data/EMoutput/\modified\lt_2018_3ch_f56_s1_e1
> _m56_s1_e1_m -dataPath ../data/EMinput/\modified\lt_2019_3ch_f56_s1_e1_m56_s1_e1_m
After EUROMOD counterfactual simulation:  counter 48
   1:      0.63 /       32 =       0.0196
Looking for output file: attemp 1/500
Looking for output file: attemp 2/500
Looking for output file: attemp 3/500
Looking for output file: attemp 4/500
Looking for output file: attemp 5/500
Looking for output file: attemp 6/500
Looking for output file: attemp 7/500
Looking for output file: attemp 8/500
Looking for output file: attemp 9/500
Looking for output file: attemp 10/500
Looking for output file: attemp 11/500
Looking for output file: attemp 12/500
Looking for output file: attemp 13/500
Looking for output file: attemp 14/500
Looking for output file: attemp 15/500
Looking for output file: attemp 16/500
Looking for output file: attemp 17/500
Foreach f full simulation
Folder lt_2019_3ch_full_f will be created
shell C:\Program Files\EUROMOD\Executable/EM_ExecutableCaller.exe -emPath R:\B2\01 - Households\
> 10 - Labour supply model\02 - Working area\02 - Training\EUROLAB 1.0\EUROMOD_MASTER_VERSION_I4
> .167 -sys lt_2018 -data lt_2019_a3 -outPath ../data/EMoutput/\modified\lt_2019_3ch_full_f -dat
> aPath ../data/EMinput/\modified
After EUROMOD execution in Folder ../data/EMoutput/\modified\lt_2019_3ch_full_f: 2018
END: 21:39:37   6 Dec 2022
Start counterfactual simulation for hours 0 and hours 0, sector_f 1, emp_stat_f 1, sector_m 1, e
> mp_stat_m 1: 21:39:37   6 Dec 2022
Folder lt_2018_3ch_f0_s0_e0_m0_s0_e0_f will be created
../data/EMoutput/\modifiedlt_2018_3ch_f0_s0_e0_m0_s0_e0_f
winexec C:\Program Files\EUROMOD\Executable/EM_ExecutableCaller.exe -emPath R:\B2\01 - Household
> s\10 - Labour supply model\02 - Working area\02 - Training\EUROLAB 1.0\EUROMOD_MASTER_VERSION_
> I4.167 -sys lt_2018 -data lt_2019_a3 -outPath ../data/EMoutput/\modified\lt_2018_3ch_f0_s0_e0_
> m0_s0_e0_f -dataPath ../data/EMinput/\modified\lt_2019_3ch_f0_s0_e0_m0_s0_e0_f
After EUROMOD counterfactual simulation:  counter 49
   1:      0.65 /       33 =       0.0196
Start counterfactual simulation for hours 0 and hours 22, sector_f 0, emp_stat_f 0, sector_m 0, 
> emp_stat_m 0: 21:39:37   6 Dec 2022
Folder lt_2018_3ch_f0_s0_e0_m22_s1_e1_f will be created
../data/EMoutput/\modifiedlt_2018_3ch_f0_s0_e0_m22_s1_e1_f
winexec C:\Program Files\EUROMOD\Executable/EM_ExecutableCaller.exe -emPath R:\B2\01 - Household
> s\10 - Labour supply model\02 - Working area\02 - Training\EUROLAB 1.0\EUROMOD_MASTER_VERSION_
> I4.167 -sys lt_2018 -data lt_2019_a3 -outPath ../data/EMoutput/\modified\lt_2018_3ch_f0_s0_e0_
> m22_s1_e1_f -dataPath ../data/EMinput/\modified\lt_2019_3ch_f0_s0_e0_m22_s1_e1_f
After EUROMOD counterfactual simulation:  counter 50
   1:      0.66 /       34 =       0.0194
Start counterfactual simulation for hours 0 and hours 39, sector_f 0, emp_stat_f 0, sector_m 1, 
> emp_stat_m 1: 21:39:37   6 Dec 2022
Folder lt_2018_3ch_f0_s0_e0_m39_s1_e1_f will be created
../data/EMoutput/\modifiedlt_2018_3ch_f0_s0_e0_m39_s1_e1_f
winexec C:\Program Files\EUROMOD\Executable/EM_ExecutableCaller.exe -emPath R:\B2\01 - Household
> s\10 - Labour supply model\02 - Working area\02 - Training\EUROLAB 1.0\EUROMOD_MASTER_VERSION_
> I4.167 -sys lt_2018 -data lt_2019_a3 -outPath ../data/EMoutput/\modified\lt_2018_3ch_f0_s0_e0_
> m39_s1_e1_f -dataPath ../data/EMinput/\modified\lt_2019_3ch_f0_s0_e0_m39_s1_e1_f
After EUROMOD counterfactual simulation:  counter 51
   1:      0.68 /       35 =       0.0193
Start counterfactual simulation for hours 0 and hours 56, sector_f 0, emp_stat_f 0, sector_m 1, 
> emp_stat_m 1: 21:39:37   6 Dec 2022
Folder lt_2018_3ch_f0_s0_e0_m56_s1_e1_f will be created
../data/EMoutput/\modifiedlt_2018_3ch_f0_s0_e0_m56_s1_e1_f
winexec C:\Program Files\EUROMOD\Executable/EM_ExecutableCaller.exe -emPath R:\B2\01 - Household
> s\10 - Labour supply model\02 - Working area\02 - Training\EUROLAB 1.0\EUROMOD_MASTER_VERSION_
> I4.167 -sys lt_2018 -data lt_2019_a3 -outPath ../data/EMoutput/\modified\lt_2018_3ch_f0_s0_e0_
> m56_s1_e1_f -dataPath ../data/EMinput/\modified\lt_2019_3ch_f0_s0_e0_m56_s1_e1_f
After EUROMOD counterfactual simulation:  counter 52
   1:      0.69 /       36 =       0.0192
Start counterfactual simulation for hours 22 and hours 0, sector_f 0, emp_stat_f 0, sector_m 1, 
> emp_stat_m 1: 21:39:37   6 Dec 2022
Folder lt_2018_3ch_f22_s1_e1_m0_s0_e0_f will be created
../data/EMoutput/\modifiedlt_2018_3ch_f22_s1_e1_m0_s0_e0_f
winexec C:\Program Files\EUROMOD\Executable/EM_ExecutableCaller.exe -emPath R:\B2\01 - Household
> s\10 - Labour supply model\02 - Working area\02 - Training\EUROLAB 1.0\EUROMOD_MASTER_VERSION_
> I4.167 -sys lt_2018 -data lt_2019_a3 -outPath ../data/EMoutput/\modified\lt_2018_3ch_f22_s1_e1
> _m0_s0_e0_f -dataPath ../data/EMinput/\modified\lt_2019_3ch_f22_s1_e1_m0_s0_e0_f
After EUROMOD counterfactual simulation:  counter 53
   1:      0.71 /       37 =       0.0193
Start counterfactual simulation for hours 22 and hours 22, sector_f 1, emp_stat_f 1, sector_m 0,
>  emp_stat_m 0: 21:39:38   6 Dec 2022
Folder lt_2018_3ch_f22_s1_e1_m22_s1_e1_f will be created
../data/EMoutput/\modifiedlt_2018_3ch_f22_s1_e1_m22_s1_e1_f
winexec C:\Program Files\EUROMOD\Executable/EM_ExecutableCaller.exe -emPath R:\B2\01 - Household
> s\10 - Labour supply model\02 - Working area\02 - Training\EUROLAB 1.0\EUROMOD_MASTER_VERSION_
> I4.167 -sys lt_2018 -data lt_2019_a3 -outPath ../data/EMoutput/\modified\lt_2018_3ch_f22_s1_e1
> _m22_s1_e1_f -dataPath ../data/EMinput/\modified\lt_2019_3ch_f22_s1_e1_m22_s1_e1_f
After EUROMOD counterfactual simulation:  counter 54
   1:      0.73 /       38 =       0.0191
Start counterfactual simulation for hours 22 and hours 39, sector_f 1, emp_stat_f 1, sector_m 1,
>  emp_stat_m 1: 21:39:38   6 Dec 2022
Folder lt_2018_3ch_f22_s1_e1_m39_s1_e1_f will be created
../data/EMoutput/\modifiedlt_2018_3ch_f22_s1_e1_m39_s1_e1_f
winexec C:\Program Files\EUROMOD\Executable/EM_ExecutableCaller.exe -emPath R:\B2\01 - Household
> s\10 - Labour supply model\02 - Working area\02 - Training\EUROLAB 1.0\EUROMOD_MASTER_VERSION_
> I4.167 -sys lt_2018 -data lt_2019_a3 -outPath ../data/EMoutput/\modified\lt_2018_3ch_f22_s1_e1
> _m39_s1_e1_f -dataPath ../data/EMinput/\modified\lt_2019_3ch_f22_s1_e1_m39_s1_e1_f
After EUROMOD counterfactual simulation:  counter 55
   1:      0.74 /       39 =       0.0188
Start counterfactual simulation for hours 22 and hours 56, sector_f 1, emp_stat_f 1, sector_m 1,
>  emp_stat_m 1: 21:39:38   6 Dec 2022
Folder lt_2018_3ch_f22_s1_e1_m56_s1_e1_f will be created
../data/EMoutput/\modifiedlt_2018_3ch_f22_s1_e1_m56_s1_e1_f
winexec C:\Program Files\EUROMOD\Executable/EM_ExecutableCaller.exe -emPath R:\B2\01 - Household
> s\10 - Labour supply model\02 - Working area\02 - Training\EUROLAB 1.0\EUROMOD_MASTER_VERSION_
> I4.167 -sys lt_2018 -data lt_2019_a3 -outPath ../data/EMoutput/\modified\lt_2018_3ch_f22_s1_e1
> _m56_s1_e1_f -dataPath ../data/EMinput/\modified\lt_2019_3ch_f22_s1_e1_m56_s1_e1_f
After EUROMOD counterfactual simulation:  counter 56
   1:      0.77 /       40 =       0.0192
Looking for output file: attemp 1/500
Looking for output file: attemp 2/500
Looking for output file: attemp 3/500
Looking for output file: attemp 4/500
Looking for output file: attemp 5/500
Looking for output file: attemp 6/500
Looking for output file: attemp 7/500
Looking for output file: attemp 8/500
Looking for output file: attemp 9/500
Looking for output file: attemp 10/500
Looking for output file: attemp 11/500
Looking for output file: attemp 12/500
Looking for output file: attemp 13/500
Looking for output file: attemp 14/500
Looking for output file: attemp 15/500
Looking for output file: attemp 16/500
Looking for output file: attemp 17/500
Looking for output file: attemp 18/500
Start counterfactual simulation for hours 39 and hours 0, sector_f 1, emp_stat_f 1, sector_m 1, 
> emp_stat_m 1: 21:39:47   6 Dec 2022
Folder lt_2018_3ch_f39_s1_e1_m0_s0_e0_f will be created
../data/EMoutput/\modifiedlt_2018_3ch_f39_s1_e1_m0_s0_e0_f
winexec C:\Program Files\EUROMOD\Executable/EM_ExecutableCaller.exe -emPath R:\B2\01 - Household
> s\10 - Labour supply model\02 - Working area\02 - Training\EUROLAB 1.0\EUROMOD_MASTER_VERSION_
> I4.167 -sys lt_2018 -data lt_2019_a3 -outPath ../data/EMoutput/\modified\lt_2018_3ch_f39_s1_e1
> _m0_s0_e0_f -dataPath ../data/EMinput/\modified\lt_2019_3ch_f39_s1_e1_m0_s0_e0_f
After EUROMOD counterfactual simulation:  counter 57
   1:      0.78 /       41 =       0.0190
Start counterfactual simulation for hours 39 and hours 22, sector_f 1, emp_stat_f 1, sector_m 0,
>  emp_stat_m 0: 21:39:47   6 Dec 2022
Folder lt_2018_3ch_f39_s1_e1_m22_s1_e1_f will be created
../data/EMoutput/\modifiedlt_2018_3ch_f39_s1_e1_m22_s1_e1_f
winexec C:\Program Files\EUROMOD\Executable/EM_ExecutableCaller.exe -emPath R:\B2\01 - Household
> s\10 - Labour supply model\02 - Working area\02 - Training\EUROLAB 1.0\EUROMOD_MASTER_VERSION_
> I4.167 -sys lt_2018 -data lt_2019_a3 -outPath ../data/EMoutput/\modified\lt_2018_3ch_f39_s1_e1
> _m22_s1_e1_f -dataPath ../data/EMinput/\modified\lt_2019_3ch_f39_s1_e1_m22_s1_e1_f
After EUROMOD counterfactual simulation:  counter 58
   1:      0.80 /       42 =       0.0191
Start counterfactual simulation for hours 39 and hours 39, sector_f 1, emp_stat_f 1, sector_m 1,
>  emp_stat_m 1: 21:39:47   6 Dec 2022
Folder lt_2018_3ch_f39_s1_e1_m39_s1_e1_f will be created
../data/EMoutput/\modifiedlt_2018_3ch_f39_s1_e1_m39_s1_e1_f
winexec C:\Program Files\EUROMOD\Executable/EM_ExecutableCaller.exe -emPath R:\B2\01 - Household
> s\10 - Labour supply model\02 - Working area\02 - Training\EUROLAB 1.0\EUROMOD_MASTER_VERSION_
> I4.167 -sys lt_2018 -data lt_2019_a3 -outPath ../data/EMoutput/\modified\lt_2018_3ch_f39_s1_e1
> _m39_s1_e1_f -dataPath ../data/EMinput/\modified\lt_2019_3ch_f39_s1_e1_m39_s1_e1_f
After EUROMOD counterfactual simulation:  counter 59
   1:      0.81 /       43 =       0.0189
Start counterfactual simulation for hours 39 and hours 56, sector_f 1, emp_stat_f 1, sector_m 1,
>  emp_stat_m 1: 21:39:47   6 Dec 2022
Folder lt_2018_3ch_f39_s1_e1_m56_s1_e1_f will be created
../data/EMoutput/\modifiedlt_2018_3ch_f39_s1_e1_m56_s1_e1_f
winexec C:\Program Files\EUROMOD\Executable/EM_ExecutableCaller.exe -emPath R:\B2\01 - Household
> s\10 - Labour supply model\02 - Working area\02 - Training\EUROLAB 1.0\EUROMOD_MASTER_VERSION_
> I4.167 -sys lt_2018 -data lt_2019_a3 -outPath ../data/EMoutput/\modified\lt_2018_3ch_f39_s1_e1
> _m56_s1_e1_f -dataPath ../data/EMinput/\modified\lt_2019_3ch_f39_s1_e1_m56_s1_e1_f
After EUROMOD counterfactual simulation:  counter 60
   1:      0.82 /       44 =       0.0187
Start counterfactual simulation for hours 56 and hours 0, sector_f 1, emp_stat_f 1, sector_m 1, 
> emp_stat_m 1: 21:39:47   6 Dec 2022
Folder lt_2018_3ch_f56_s1_e1_m0_s0_e0_f will be created
../data/EMoutput/\modifiedlt_2018_3ch_f56_s1_e1_m0_s0_e0_f
winexec C:\Program Files\EUROMOD\Executable/EM_ExecutableCaller.exe -emPath R:\B2\01 - Household
> s\10 - Labour supply model\02 - Working area\02 - Training\EUROLAB 1.0\EUROMOD_MASTER_VERSION_
> I4.167 -sys lt_2018 -data lt_2019_a3 -outPath ../data/EMoutput/\modified\lt_2018_3ch_f56_s1_e1
> _m0_s0_e0_f -dataPath ../data/EMinput/\modified\lt_2019_3ch_f56_s1_e1_m0_s0_e0_f
After EUROMOD counterfactual simulation:  counter 61
   1:      0.84 /       45 =       0.0186
Start counterfactual simulation for hours 56 and hours 22, sector_f 1, emp_stat_f 1, sector_m 0,
>  emp_stat_m 0: 21:39:47   6 Dec 2022
Folder lt_2018_3ch_f56_s1_e1_m22_s1_e1_f will be created
../data/EMoutput/\modifiedlt_2018_3ch_f56_s1_e1_m22_s1_e1_f
winexec C:\Program Files\EUROMOD\Executable/EM_ExecutableCaller.exe -emPath R:\B2\01 - Household
> s\10 - Labour supply model\02 - Working area\02 - Training\EUROLAB 1.0\EUROMOD_MASTER_VERSION_
> I4.167 -sys lt_2018 -data lt_2019_a3 -outPath ../data/EMoutput/\modified\lt_2018_3ch_f56_s1_e1
> _m22_s1_e1_f -dataPath ../data/EMinput/\modified\lt_2019_3ch_f56_s1_e1_m22_s1_e1_f
After EUROMOD counterfactual simulation:  counter 62
   1:      0.86 /       46 =       0.0186
Start counterfactual simulation for hours 56 and hours 39, sector_f 1, emp_stat_f 1, sector_m 1,
>  emp_stat_m 1: 21:39:47   6 Dec 2022
Folder lt_2018_3ch_f56_s1_e1_m39_s1_e1_f will be created
../data/EMoutput/\modifiedlt_2018_3ch_f56_s1_e1_m39_s1_e1_f
winexec C:\Program Files\EUROMOD\Executable/EM_ExecutableCaller.exe -emPath R:\B2\01 - Household
> s\10 - Labour supply model\02 - Working area\02 - Training\EUROLAB 1.0\EUROMOD_MASTER_VERSION_
> I4.167 -sys lt_2018 -data lt_2019_a3 -outPath ../data/EMoutput/\modified\lt_2018_3ch_f56_s1_e1
> _m39_s1_e1_f -dataPath ../data/EMinput/\modified\lt_2019_3ch_f56_s1_e1_m39_s1_e1_f
After EUROMOD counterfactual simulation:  counter 63
   1:      0.87 /       47 =       0.0185
Start counterfactual simulation for hours 56 and hours 56, sector_f 1, emp_stat_f 1, sector_m 1,
>  emp_stat_m 1: 21:39:47   6 Dec 2022
Folder lt_2018_3ch_f56_s1_e1_m56_s1_e1_f will be created
../data/EMoutput/\modifiedlt_2018_3ch_f56_s1_e1_m56_s1_e1_f
winexec C:\Program Files\EUROMOD\Executable/EM_ExecutableCaller.exe -emPath R:\B2\01 - Household
> s\10 - Labour supply model\02 - Working area\02 - Training\EUROLAB 1.0\EUROMOD_MASTER_VERSION_
> I4.167 -sys lt_2018 -data lt_2019_a3 -outPath ../data/EMoutput/\modified\lt_2018_3ch_f56_s1_e1
> _m56_s1_e1_f -dataPath ../data/EMinput/\modified\lt_2019_3ch_f56_s1_e1_m56_s1_e1_f
After EUROMOD counterfactual simulation:  counter 64
   1:      0.88 /       48 =       0.0183
Looking for output file: attemp 1/500
Looking for output file: attemp 2/500
Looking for output file: attemp 3/500
Looking for output file: attemp 4/500
Looking for output file: attemp 5/500
Looking for output file: attemp 6/500
Looking for output file: attemp 7/500
Looking for output file: attemp 8/500
Looking for output file: attemp 9/500
Looking for output file: attemp 10/500
Looking for output file: attemp 11/500
Looking for output file: attemp 12/500
Looking for output file: attemp 13/500
Looking for output file: attemp 14/500
Looking for output file: attemp 15/500
Looking for output file: attemp 16/500
Looking for output file: attemp 17/500
Foreach new full simulation
Folder lt_2019_3ch_full_new will be created
shell C:\Program Files\EUROMOD\Executable/EM_ExecutableCaller.exe -emPath R:\B2\01 - Households\
> 10 - Labour supply model\02 - Working area\02 - Training\EUROLAB 1.0\EUROMOD_MASTER_VERSION_I4
> .167 -sys lt_2022_ba -data lt_2019_a3 -outPath ../data/EMoutput/\modified\lt_2019_3ch_full_new
>  -dataPath ../data/EMinput/\modified
After EUROMOD execution in Folder ../data/EMoutput/\modified\lt_2019_3ch_full_new: 2022_ba
END: 21:39:57   6 Dec 2022
shell C:\Program Files\EUROMOD\Executable/EM_ExecutableCaller.exe -emPath R:\B2\01 - Households\
> 10 - Labour supply model\02 - Working area\02 - Training\EUROLAB 1.0\EUROMOD_MASTER_VERSION_I4
> .167 -sys lt_2022_bsa -data lt_2019_a3 -outPath ../data/EMoutput/\modified\lt_2019_3ch_full_ne
> w -dataPath ../data/EMinput/\modified
After EUROMOD execution in Folder ../data/EMoutput/\modified\lt_2019_3ch_full_new: 2022_bsa
END: 21:39:57   6 Dec 2022
shell C:\Program Files\EUROMOD\Executable/EM_ExecutableCaller.exe -emPath R:\B2\01 - Households\
> 10 - Labour supply model\02 - Working area\02 - Training\EUROLAB 1.0\EUROMOD_MASTER_VERSION_I4
> .167 -sys lt_2022_tin -data lt_2019_a3 -outPath ../data/EMoutput/\modified\lt_2019_3ch_full_ne
> w -dataPath ../data/EMinput/\modified
After EUROMOD execution in Folder ../data/EMoutput/\modified\lt_2019_3ch_full_new: 2022_tin
END: 21:39:58   6 Dec 2022
shell C:\Program Files\EUROMOD\Executable/EM_ExecutableCaller.exe -emPath R:\B2\01 - Households\
> 10 - Labour supply model\02 - Working area\02 - Training\EUROLAB 1.0\EUROMOD_MASTER_VERSION_I4
> .167 -sys lt_2022_cb -data lt_2019_a3 -outPath ../data/EMoutput/\modified\lt_2019_3ch_full_new
>  -dataPath ../data/EMinput/\modified
After EUROMOD execution in Folder ../data/EMoutput/\modified\lt_2019_3ch_full_new: 2022_cb
END: 21:39:58   6 Dec 2022
Start counterfactual simulation for hours 0 and hours 0, sector_f 1, emp_stat_f 1, sector_m 1, e
> mp_stat_m 1: 21:39:58   6 Dec 2022
Folder lt_2022_ba_3ch_f0_s0_e0_m0_s0_e0_new will be created
../data/EMoutput/\modifiedlt_2022_ba_3ch_f0_s0_e0_m0_s0_e0_new
winexec C:\Program Files\EUROMOD\Executable/EM_ExecutableCaller.exe -emPath R:\B2\01 - Household
> s\10 - Labour supply model\02 - Working area\02 - Training\EUROLAB 1.0\EUROMOD_MASTER_VERSION_
> I4.167 -sys lt_2022_ba -data lt_2019_a3 -outPath ../data/EMoutput/\modified\lt_2022_ba_3ch_f0_
> s0_e0_m0_s0_e0_new -dataPath ../data/EMinput/\modified\lt_2019_3ch_f0_s0_e0_m0_s0_e0_new
After EUROMOD counterfactual simulation:  counter 65
   1:      0.89 /       49 =       0.0182
Folder lt_2022_bsa_3ch_f0_s0_e0_m0_s0_e0_new will be created
../data/EMoutput/\modifiedlt_2022_bsa_3ch_f0_s0_e0_m0_s0_e0_new
winexec C:\Program Files\EUROMOD\Executable/EM_ExecutableCaller.exe -emPath R:\B2\01 - Household
> s\10 - Labour supply model\02 - Working area\02 - Training\EUROLAB 1.0\EUROMOD_MASTER_VERSION_
> I4.167 -sys lt_2022_bsa -data lt_2019_a3 -outPath ../data/EMoutput/\modified\lt_2022_bsa_3ch_f
> 0_s0_e0_m0_s0_e0_new -dataPath ../data/EMinput/\modified\lt_2019_3ch_f0_s0_e0_m0_s0_e0_new
After EUROMOD counterfactual simulation:  counter 66
   2:      0.28 /       17 =       0.0167
Folder lt_2022_tin_3ch_f0_s0_e0_m0_s0_e0_new will be created
../data/EMoutput/\modifiedlt_2022_tin_3ch_f0_s0_e0_m0_s0_e0_new
winexec C:\Program Files\EUROMOD\Executable/EM_ExecutableCaller.exe -emPath R:\B2\01 - Household
> s\10 - Labour supply model\02 - Working area\02 - Training\EUROLAB 1.0\EUROMOD_MASTER_VERSION_
> I4.167 -sys lt_2022_tin -data lt_2019_a3 -outPath ../data/EMoutput/\modified\lt_2022_tin_3ch_f
> 0_s0_e0_m0_s0_e0_new -dataPath ../data/EMinput/\modified\lt_2019_3ch_f0_s0_e0_m0_s0_e0_new
After EUROMOD counterfactual simulation:  counter 67
   3:      0.01 /        1 =       0.0100
Folder lt_2022_cb_3ch_f0_s0_e0_m0_s0_e0_new will be created
../data/EMoutput/\modifiedlt_2022_cb_3ch_f0_s0_e0_m0_s0_e0_new
winexec C:\Program Files\EUROMOD\Executable/EM_ExecutableCaller.exe -emPath R:\B2\01 - Household
> s\10 - Labour supply model\02 - Working area\02 - Training\EUROLAB 1.0\EUROMOD_MASTER_VERSION_
> I4.167 -sys lt_2022_cb -data lt_2019_a3 -outPath ../data/EMoutput/\modified\lt_2022_cb_3ch_f0_
> s0_e0_m0_s0_e0_new -dataPath ../data/EMinput/\modified\lt_2019_3ch_f0_s0_e0_m0_s0_e0_new
After EUROMOD counterfactual simulation:  counter 68
   4:      0.02 /        1 =       0.0160
Start counterfactual simulation for hours 0 and hours 22, sector_f 0, emp_stat_f 0, sector_m 0, 
> emp_stat_m 0: 21:39:58   6 Dec 2022
Folder lt_2022_ba_3ch_f0_s0_e0_m22_s1_e1_new will be created
../data/EMoutput/\modifiedlt_2022_ba_3ch_f0_s0_e0_m22_s1_e1_new
winexec C:\Program Files\EUROMOD\Executable/EM_ExecutableCaller.exe -emPath R:\B2\01 - Household
> s\10 - Labour supply model\02 - Working area\02 - Training\EUROLAB 1.0\EUROMOD_MASTER_VERSION_
> I4.167 -sys lt_2022_ba -data lt_2019_a3 -outPath ../data/EMoutput/\modified\lt_2022_ba_3ch_f0_
> s0_e0_m22_s1_e1_new -dataPath ../data/EMinput/\modified\lt_2019_3ch_f0_s0_e0_m22_s1_e1_new
After EUROMOD counterfactual simulation:  counter 69
   1:      0.90 /       50 =       0.0180
Folder lt_2022_bsa_3ch_f0_s0_e0_m22_s1_e1_new will be created
../data/EMoutput/\modifiedlt_2022_bsa_3ch_f0_s0_e0_m22_s1_e1_new
winexec C:\Program Files\EUROMOD\Executable/EM_ExecutableCaller.exe -emPath R:\B2\01 - Household
> s\10 - Labour supply model\02 - Working area\02 - Training\EUROLAB 1.0\EUROMOD_MASTER_VERSION_
> I4.167 -sys lt_2022_bsa -data lt_2019_a3 -outPath ../data/EMoutput/\modified\lt_2022_bsa_3ch_f
> 0_s0_e0_m22_s1_e1_new -dataPath ../data/EMinput/\modified\lt_2019_3ch_f0_s0_e0_m22_s1_e1_new
After EUROMOD counterfactual simulation:  counter 70
   2:      0.29 /       18 =       0.0163
Folder lt_2022_tin_3ch_f0_s0_e0_m22_s1_e1_new will be created
../data/EMoutput/\modifiedlt_2022_tin_3ch_f0_s0_e0_m22_s1_e1_new
winexec C:\Program Files\EUROMOD\Executable/EM_ExecutableCaller.exe -emPath R:\B2\01 - Household
> s\10 - Labour supply model\02 - Working area\02 - Training\EUROLAB 1.0\EUROMOD_MASTER_VERSION_
> I4.167 -sys lt_2022_tin -data lt_2019_a3 -outPath ../data/EMoutput/\modified\lt_2022_tin_3ch_f
> 0_s0_e0_m22_s1_e1_new -dataPath ../data/EMinput/\modified\lt_2019_3ch_f0_s0_e0_m22_s1_e1_new
After EUROMOD counterfactual simulation:  counter 71
   3:      0.02 /        2 =       0.0110
Folder lt_2022_cb_3ch_f0_s0_e0_m22_s1_e1_new will be created
../data/EMoutput/\modifiedlt_2022_cb_3ch_f0_s0_e0_m22_s1_e1_new
winexec C:\Program Files\EUROMOD\Executable/EM_ExecutableCaller.exe -emPath R:\B2\01 - Household
> s\10 - Labour supply model\02 - Working area\02 - Training\EUROLAB 1.0\EUROMOD_MASTER_VERSION_
> I4.167 -sys lt_2022_cb -data lt_2019_a3 -outPath ../data/EMoutput/\modified\lt_2022_cb_3ch_f0_
> s0_e0_m22_s1_e1_new -dataPath ../data/EMinput/\modified\lt_2019_3ch_f0_s0_e0_m22_s1_e1_new
After EUROMOD counterfactual simulation:  counter 72
   4:      0.04 /        2 =       0.0205
Looking for output file: attemp 1/500
Looking for output file: attemp 2/500
Looking for output file: attemp 3/500
Looking for output file: attemp 4/500
Looking for output file: attemp 5/500
Looking for output file: attemp 6/500
Looking for output file: attemp 7/500
Looking for output file: attemp 8/500
Looking for output file: attemp 9/500
Looking for output file: attemp 10/500
Looking for output file: attemp 11/500
Looking for output file: attemp 12/500
Looking for output file: attemp 13/500
Looking for output file: attemp 14/500
Looking for output file: attemp 15/500
Looking for output file: attemp 16/500
Looking for output file: attemp 17/500
Looking for output file: attemp 18/500
Looking for output file: attemp 19/500
Looking for output file: attemp 20/500
Looking for output file: attemp 21/500
Looking for output file: attemp 22/500
Looking for output file: attemp 23/500
Looking for output file: attemp 24/500
Looking for output file: attemp 25/500
Start counterfactual simulation for hours 0 and hours 39, sector_f 0, emp_stat_f 0, sector_m 1, 
> emp_stat_m 1: 21:40:12   6 Dec 2022
Folder lt_2022_ba_3ch_f0_s0_e0_m39_s1_e1_new will be created
../data/EMoutput/\modifiedlt_2022_ba_3ch_f0_s0_e0_m39_s1_e1_new
winexec C:\Program Files\EUROMOD\Executable/EM_ExecutableCaller.exe -emPath R:\B2\01 - Household
> s\10 - Labour supply model\02 - Working area\02 - Training\EUROLAB 1.0\EUROMOD_MASTER_VERSION_
> I4.167 -sys lt_2022_ba -data lt_2019_a3 -outPath ../data/EMoutput/\modified\lt_2022_ba_3ch_f0_
> s0_e0_m39_s1_e1_new -dataPath ../data/EMinput/\modified\lt_2019_3ch_f0_s0_e0_m39_s1_e1_new
After EUROMOD counterfactual simulation:  counter 73
   1:      0.92 /       51 =       0.0181
Folder lt_2022_bsa_3ch_f0_s0_e0_m39_s1_e1_new will be created
../data/EMoutput/\modifiedlt_2022_bsa_3ch_f0_s0_e0_m39_s1_e1_new
winexec C:\Program Files\EUROMOD\Executable/EM_ExecutableCaller.exe -emPath R:\B2\01 - Household
> s\10 - Labour supply model\02 - Working area\02 - Training\EUROLAB 1.0\EUROMOD_MASTER_VERSION_
> I4.167 -sys lt_2022_bsa -data lt_2019_a3 -outPath ../data/EMoutput/\modified\lt_2022_bsa_3ch_f
> 0_s0_e0_m39_s1_e1_new -dataPath ../data/EMinput/\modified\lt_2019_3ch_f0_s0_e0_m39_s1_e1_new
After EUROMOD counterfactual simulation:  counter 74
   2:      0.32 /       19 =       0.0169
Folder lt_2022_tin_3ch_f0_s0_e0_m39_s1_e1_new will be created
../data/EMoutput/\modifiedlt_2022_tin_3ch_f0_s0_e0_m39_s1_e1_new
winexec C:\Program Files\EUROMOD\Executable/EM_ExecutableCaller.exe -emPath R:\B2\01 - Household
> s\10 - Labour supply model\02 - Working area\02 - Training\EUROLAB 1.0\EUROMOD_MASTER_VERSION_
> I4.167 -sys lt_2022_tin -data lt_2019_a3 -outPath ../data/EMoutput/\modified\lt_2022_tin_3ch_f
> 0_s0_e0_m39_s1_e1_new -dataPath ../data/EMinput/\modified\lt_2019_3ch_f0_s0_e0_m39_s1_e1_new
After EUROMOD counterfactual simulation:  counter 75
   3:      0.04 /        3 =       0.0120
Folder lt_2022_cb_3ch_f0_s0_e0_m39_s1_e1_new will be created
../data/EMoutput/\modifiedlt_2022_cb_3ch_f0_s0_e0_m39_s1_e1_new
winexec C:\Program Files\EUROMOD\Executable/EM_ExecutableCaller.exe -emPath R:\B2\01 - Household
> s\10 - Labour supply model\02 - Working area\02 - Training\EUROLAB 1.0\EUROMOD_MASTER_VERSION_
> I4.167 -sys lt_2022_cb -data lt_2019_a3 -outPath ../data/EMoutput/\modified\lt_2022_cb_3ch_f0_
> s0_e0_m39_s1_e1_new -dataPath ../data/EMinput/\modified\lt_2019_3ch_f0_s0_e0_m39_s1_e1_new
After EUROMOD counterfactual simulation:  counter 76
   4:      0.05 /        3 =       0.0177
Start counterfactual simulation for hours 0 and hours 56, sector_f 0, emp_stat_f 0, sector_m 1, 
> emp_stat_m 1: 21:40:12   6 Dec 2022
Folder lt_2022_ba_3ch_f0_s0_e0_m56_s1_e1_new will be created
../data/EMoutput/\modifiedlt_2022_ba_3ch_f0_s0_e0_m56_s1_e1_new
winexec C:\Program Files\EUROMOD\Executable/EM_ExecutableCaller.exe -emPath R:\B2\01 - Household
> s\10 - Labour supply model\02 - Working area\02 - Training\EUROLAB 1.0\EUROMOD_MASTER_VERSION_
> I4.167 -sys lt_2022_ba -data lt_2019_a3 -outPath ../data/EMoutput/\modified\lt_2022_ba_3ch_f0_
> s0_e0_m56_s1_e1_new -dataPath ../data/EMinput/\modified\lt_2019_3ch_f0_s0_e0_m56_s1_e1_new
After EUROMOD counterfactual simulation:  counter 77
   1:      0.95 /       52 =       0.0182
Folder lt_2022_bsa_3ch_f0_s0_e0_m56_s1_e1_new will be created
../data/EMoutput/\modifiedlt_2022_bsa_3ch_f0_s0_e0_m56_s1_e1_new
winexec C:\Program Files\EUROMOD\Executable/EM_ExecutableCaller.exe -emPath R:\B2\01 - Household
> s\10 - Labour supply model\02 - Working area\02 - Training\EUROLAB 1.0\EUROMOD_MASTER_VERSION_
> I4.167 -sys lt_2022_bsa -data lt_2019_a3 -outPath ../data/EMoutput/\modified\lt_2022_bsa_3ch_f
> 0_s0_e0_m56_s1_e1_new -dataPath ../data/EMinput/\modified\lt_2019_3ch_f0_s0_e0_m56_s1_e1_new
After EUROMOD counterfactual simulation:  counter 78
   2:      0.34 /       20 =       0.0169
Folder lt_2022_tin_3ch_f0_s0_e0_m56_s1_e1_new will be created
../data/EMoutput/\modifiedlt_2022_tin_3ch_f0_s0_e0_m56_s1_e1_new
winexec C:\Program Files\EUROMOD\Executable/EM_ExecutableCaller.exe -emPath R:\B2\01 - Household
> s\10 - Labour supply model\02 - Working area\02 - Training\EUROLAB 1.0\EUROMOD_MASTER_VERSION_
> I4.167 -sys lt_2022_tin -data lt_2019_a3 -outPath ../data/EMoutput/\modified\lt_2022_tin_3ch_f
> 0_s0_e0_m56_s1_e1_new -dataPath ../data/EMinput/\modified\lt_2019_3ch_f0_s0_e0_m56_s1_e1_new
After EUROMOD counterfactual simulation:  counter 79
   3:      0.06 /        4 =       0.0150
Folder lt_2022_cb_3ch_f0_s0_e0_m56_s1_e1_new will be created
../data/EMoutput/\modifiedlt_2022_cb_3ch_f0_s0_e0_m56_s1_e1_new
winexec C:\Program Files\EUROMOD\Executable/EM_ExecutableCaller.exe -emPath R:\B2\01 - Household
> s\10 - Labour supply model\02 - Working area\02 - Training\EUROLAB 1.0\EUROMOD_MASTER_VERSION_
> I4.167 -sys lt_2022_cb -data lt_2019_a3 -outPath ../data/EMoutput/\modified\lt_2022_cb_3ch_f0_
> s0_e0_m56_s1_e1_new -dataPath ../data/EMinput/\modified\lt_2019_3ch_f0_s0_e0_m56_s1_e1_new
After EUROMOD counterfactual simulation:  counter 80
   4:      0.09 /        4 =       0.0215
Looking for output file: attemp 1/500
Looking for output file: attemp 2/500
Looking for output file: attemp 3/500
Looking for output file: attemp 4/500
Looking for output file: attemp 5/500
Looking for output file: attemp 6/500
Looking for output file: attemp 7/500
Looking for output file: attemp 8/500
Looking for output file: attemp 9/500
Looking for output file: attemp 10/500
Looking for output file: attemp 11/500
Looking for output file: attemp 12/500
Looking for output file: attemp 13/500
Looking for output file: attemp 14/500
Looking for output file: attemp 15/500
Looking for output file: attemp 16/500
Looking for output file: attemp 17/500
Looking for output file: attemp 18/500
Start counterfactual simulation for hours 22 and hours 0, sector_f 0, emp_stat_f 0, sector_m 1, 
> emp_stat_m 1: 21:40:22   6 Dec 2022
Folder lt_2022_ba_3ch_f22_s1_e1_m0_s0_e0_new will be created
../data/EMoutput/\modifiedlt_2022_ba_3ch_f22_s1_e1_m0_s0_e0_new
winexec C:\Program Files\EUROMOD\Executable/EM_ExecutableCaller.exe -emPath R:\B2\01 - Household
> s\10 - Labour supply model\02 - Working area\02 - Training\EUROLAB 1.0\EUROMOD_MASTER_VERSION_
> I4.167 -sys lt_2022_ba -data lt_2019_a3 -outPath ../data/EMoutput/\modified\lt_2022_ba_3ch_f22
> _s1_e1_m0_s0_e0_new -dataPath ../data/EMinput/\modified\lt_2019_3ch_f22_s1_e1_m0_s0_e0_new
After EUROMOD counterfactual simulation:  counter 81
   1:      0.96 /       53 =       0.0181
Folder lt_2022_bsa_3ch_f22_s1_e1_m0_s0_e0_new will be created
../data/EMoutput/\modifiedlt_2022_bsa_3ch_f22_s1_e1_m0_s0_e0_new
winexec C:\Program Files\EUROMOD\Executable/EM_ExecutableCaller.exe -emPath R:\B2\01 - Household
> s\10 - Labour supply model\02 - Working area\02 - Training\EUROLAB 1.0\EUROMOD_MASTER_VERSION_
> I4.167 -sys lt_2022_bsa -data lt_2019_a3 -outPath ../data/EMoutput/\modified\lt_2022_bsa_3ch_f
> 22_s1_e1_m0_s0_e0_new -dataPath ../data/EMinput/\modified\lt_2019_3ch_f22_s1_e1_m0_s0_e0_new
After EUROMOD counterfactual simulation:  counter 82
   2:      0.35 /       21 =       0.0167
Folder lt_2022_tin_3ch_f22_s1_e1_m0_s0_e0_new will be created
../data/EMoutput/\modifiedlt_2022_tin_3ch_f22_s1_e1_m0_s0_e0_new
winexec C:\Program Files\EUROMOD\Executable/EM_ExecutableCaller.exe -emPath R:\B2\01 - Household
> s\10 - Labour supply model\02 - Working area\02 - Training\EUROLAB 1.0\EUROMOD_MASTER_VERSION_
> I4.167 -sys lt_2022_tin -data lt_2019_a3 -outPath ../data/EMoutput/\modified\lt_2022_tin_3ch_f
> 22_s1_e1_m0_s0_e0_new -dataPath ../data/EMinput/\modified\lt_2019_3ch_f22_s1_e1_m0_s0_e0_new
After EUROMOD counterfactual simulation:  counter 83
   3:      0.07 /        5 =       0.0144
Folder lt_2022_cb_3ch_f22_s1_e1_m0_s0_e0_new will be created
../data/EMoutput/\modifiedlt_2022_cb_3ch_f22_s1_e1_m0_s0_e0_new
winexec C:\Program Files\EUROMOD\Executable/EM_ExecutableCaller.exe -emPath R:\B2\01 - Household
> s\10 - Labour supply model\02 - Working area\02 - Training\EUROLAB 1.0\EUROMOD_MASTER_VERSION_
> I4.167 -sys lt_2022_cb -data lt_2019_a3 -outPath ../data/EMoutput/\modified\lt_2022_cb_3ch_f22
> _s1_e1_m0_s0_e0_new -dataPath ../data/EMinput/\modified\lt_2019_3ch_f22_s1_e1_m0_s0_e0_new
After EUROMOD counterfactual simulation:  counter 84
   4:      0.12 /        5 =       0.0238
Start counterfactual simulation for hours 22 and hours 22, sector_f 1, emp_stat_f 1, sector_m 0,
>  emp_stat_m 0: 21:40:22   6 Dec 2022
Folder lt_2022_ba_3ch_f22_s1_e1_m22_s1_e1_new will be created
../data/EMoutput/\modifiedlt_2022_ba_3ch_f22_s1_e1_m22_s1_e1_new
winexec C:\Program Files\EUROMOD\Executable/EM_ExecutableCaller.exe -emPath R:\B2\01 - Household
> s\10 - Labour supply model\02 - Working area\02 - Training\EUROLAB 1.0\EUROMOD_MASTER_VERSION_
> I4.167 -sys lt_2022_ba -data lt_2019_a3 -outPath ../data/EMoutput/\modified\lt_2022_ba_3ch_f22
> _s1_e1_m22_s1_e1_new -dataPath ../data/EMinput/\modified\lt_2019_3ch_f22_s1_e1_m22_s1_e1_new
After EUROMOD counterfactual simulation:  counter 85
   1:      1.03 /       54 =       0.0191
Folder lt_2022_bsa_3ch_f22_s1_e1_m22_s1_e1_new will be created
../data/EMoutput/\modifiedlt_2022_bsa_3ch_f22_s1_e1_m22_s1_e1_new
winexec C:\Program Files\EUROMOD\Executable/EM_ExecutableCaller.exe -emPath R:\B2\01 - Household
> s\10 - Labour supply model\02 - Working area\02 - Training\EUROLAB 1.0\EUROMOD_MASTER_VERSION_
> I4.167 -sys lt_2022_bsa -data lt_2019_a3 -outPath ../data/EMoutput/\modified\lt_2022_bsa_3ch_f
> 22_s1_e1_m22_s1_e1_new -dataPath ../data/EMinput/\modified\lt_2019_3ch_f22_s1_e1_m22_s1_e1_new
After EUROMOD counterfactual simulation:  counter 86
   2:      0.37 /       22 =       0.0166
Folder lt_2022_tin_3ch_f22_s1_e1_m22_s1_e1_new will be created
../data/EMoutput/\modifiedlt_2022_tin_3ch_f22_s1_e1_m22_s1_e1_new
winexec C:\Program Files\EUROMOD\Executable/EM_ExecutableCaller.exe -emPath R:\B2\01 - Household
> s\10 - Labour supply model\02 - Working area\02 - Training\EUROLAB 1.0\EUROMOD_MASTER_VERSION_
> I4.167 -sys lt_2022_tin -data lt_2019_a3 -outPath ../data/EMoutput/\modified\lt_2022_tin_3ch_f
> 22_s1_e1_m22_s1_e1_new -dataPath ../data/EMinput/\modified\lt_2019_3ch_f22_s1_e1_m22_s1_e1_new
After EUROMOD counterfactual simulation:  counter 87
   3:      0.11 /        6 =       0.0177
Folder lt_2022_cb_3ch_f22_s1_e1_m22_s1_e1_new will be created
../data/EMoutput/\modifiedlt_2022_cb_3ch_f22_s1_e1_m22_s1_e1_new
winexec C:\Program Files\EUROMOD\Executable/EM_ExecutableCaller.exe -emPath R:\B2\01 - Household
> s\10 - Labour supply model\02 - Working area\02 - Training\EUROLAB 1.0\EUROMOD_MASTER_VERSION_
> I4.167 -sys lt_2022_cb -data lt_2019_a3 -outPath ../data/EMoutput/\modified\lt_2022_cb_3ch_f22
> _s1_e1_m22_s1_e1_new -dataPath ../data/EMinput/\modified\lt_2019_3ch_f22_s1_e1_m22_s1_e1_new
After EUROMOD counterfactual simulation:  counter 88
   4:      0.15 /        6 =       0.0258
Looking for output file: attemp 1/500
Looking for output file: attemp 2/500
Looking for output file: attemp 3/500
Looking for output file: attemp 4/500
Looking for output file: attemp 5/500
Looking for output file: attemp 6/500
Looking for output file: attemp 7/500
Looking for output file: attemp 8/500
Looking for output file: attemp 9/500
Looking for output file: attemp 10/500
Looking for output file: attemp 11/500
Looking for output file: attemp 12/500
Looking for output file: attemp 13/500
Looking for output file: attemp 14/500
Looking for output file: attemp 15/500
Looking for output file: attemp 16/500
Looking for output file: attemp 17/500
Looking for output file: attemp 18/500
Looking for output file: attemp 19/500
Start counterfactual simulation for hours 22 and hours 39, sector_f 1, emp_stat_f 1, sector_m 1,
>  emp_stat_m 1: 21:40:32   6 Dec 2022
Folder lt_2022_ba_3ch_f22_s1_e1_m39_s1_e1_new will be created
../data/EMoutput/\modifiedlt_2022_ba_3ch_f22_s1_e1_m39_s1_e1_new
winexec C:\Program Files\EUROMOD\Executable/EM_ExecutableCaller.exe -emPath R:\B2\01 - Household
> s\10 - Labour supply model\02 - Working area\02 - Training\EUROLAB 1.0\EUROMOD_MASTER_VERSION_
> I4.167 -sys lt_2022_ba -data lt_2019_a3 -outPath ../data/EMoutput/\modified\lt_2022_ba_3ch_f22
> _s1_e1_m39_s1_e1_new -dataPath ../data/EMinput/\modified\lt_2019_3ch_f22_s1_e1_m39_s1_e1_new
After EUROMOD counterfactual simulation:  counter 89
   1:      1.09 /       55 =       0.0199
Folder lt_2022_bsa_3ch_f22_s1_e1_m39_s1_e1_new will be created
../data/EMoutput/\modifiedlt_2022_bsa_3ch_f22_s1_e1_m39_s1_e1_new
winexec C:\Program Files\EUROMOD\Executable/EM_ExecutableCaller.exe -emPath R:\B2\01 - Household
> s\10 - Labour supply model\02 - Working area\02 - Training\EUROLAB 1.0\EUROMOD_MASTER_VERSION_
> I4.167 -sys lt_2022_bsa -data lt_2019_a3 -outPath ../data/EMoutput/\modified\lt_2022_bsa_3ch_f
> 22_s1_e1_m39_s1_e1_new -dataPath ../data/EMinput/\modified\lt_2019_3ch_f22_s1_e1_m39_s1_e1_new
After EUROMOD counterfactual simulation:  counter 90
   2:      0.38 /       23 =       0.0165
Folder lt_2022_tin_3ch_f22_s1_e1_m39_s1_e1_new will be created
../data/EMoutput/\modifiedlt_2022_tin_3ch_f22_s1_e1_m39_s1_e1_new
winexec C:\Program Files\EUROMOD\Executable/EM_ExecutableCaller.exe -emPath R:\B2\01 - Household
> s\10 - Labour supply model\02 - Working area\02 - Training\EUROLAB 1.0\EUROMOD_MASTER_VERSION_
> I4.167 -sys lt_2022_tin -data lt_2019_a3 -outPath ../data/EMoutput/\modified\lt_2022_tin_3ch_f
> 22_s1_e1_m39_s1_e1_new -dataPath ../data/EMinput/\modified\lt_2019_3ch_f22_s1_e1_m39_s1_e1_new
After EUROMOD counterfactual simulation:  counter 91
   3:      0.13 /        7 =       0.0184
Folder lt_2022_cb_3ch_f22_s1_e1_m39_s1_e1_new will be created
../data/EMoutput/\modifiedlt_2022_cb_3ch_f22_s1_e1_m39_s1_e1_new
winexec C:\Program Files\EUROMOD\Executable/EM_ExecutableCaller.exe -emPath R:\B2\01 - Household
> s\10 - Labour supply model\02 - Working area\02 - Training\EUROLAB 1.0\EUROMOD_MASTER_VERSION_
> I4.167 -sys lt_2022_cb -data lt_2019_a3 -outPath ../data/EMoutput/\modified\lt_2022_cb_3ch_f22
> _s1_e1_m39_s1_e1_new -dataPath ../data/EMinput/\modified\lt_2019_3ch_f22_s1_e1_m39_s1_e1_new
After EUROMOD counterfactual simulation:  counter 92
   4:      0.17 /        7 =       0.0246
Start counterfactual simulation for hours 22 and hours 56, sector_f 1, emp_stat_f 1, sector_m 1,
>  emp_stat_m 1: 21:40:32   6 Dec 2022
Folder lt_2022_ba_3ch_f22_s1_e1_m56_s1_e1_new will be created
../data/EMoutput/\modifiedlt_2022_ba_3ch_f22_s1_e1_m56_s1_e1_new
winexec C:\Program Files\EUROMOD\Executable/EM_ExecutableCaller.exe -emPath R:\B2\01 - Household
> s\10 - Labour supply model\02 - Working area\02 - Training\EUROLAB 1.0\EUROMOD_MASTER_VERSION_
> I4.167 -sys lt_2022_ba -data lt_2019_a3 -outPath ../data/EMoutput/\modified\lt_2022_ba_3ch_f22
> _s1_e1_m56_s1_e1_new -dataPath ../data/EMinput/\modified\lt_2019_3ch_f22_s1_e1_m56_s1_e1_new
After EUROMOD counterfactual simulation:  counter 93
   1:      1.11 /       56 =       0.0198
Folder lt_2022_bsa_3ch_f22_s1_e1_m56_s1_e1_new will be created
../data/EMoutput/\modifiedlt_2022_bsa_3ch_f22_s1_e1_m56_s1_e1_new
winexec C:\Program Files\EUROMOD\Executable/EM_ExecutableCaller.exe -emPath R:\B2\01 - Household
> s\10 - Labour supply model\02 - Working area\02 - Training\EUROLAB 1.0\EUROMOD_MASTER_VERSION_
> I4.167 -sys lt_2022_bsa -data lt_2019_a3 -outPath ../data/EMoutput/\modified\lt_2022_bsa_3ch_f
> 22_s1_e1_m56_s1_e1_new -dataPath ../data/EMinput/\modified\lt_2019_3ch_f22_s1_e1_m56_s1_e1_new
After EUROMOD counterfactual simulation:  counter 94
   2:      0.41 /       24 =       0.0171
Folder lt_2022_tin_3ch_f22_s1_e1_m56_s1_e1_new will be created
../data/EMoutput/\modifiedlt_2022_tin_3ch_f22_s1_e1_m56_s1_e1_new
winexec C:\Program Files\EUROMOD\Executable/EM_ExecutableCaller.exe -emPath R:\B2\01 - Household
> s\10 - Labour supply model\02 - Working area\02 - Training\EUROLAB 1.0\EUROMOD_MASTER_VERSION_
> I4.167 -sys lt_2022_tin -data lt_2019_a3 -outPath ../data/EMoutput/\modified\lt_2022_tin_3ch_f
> 22_s1_e1_m56_s1_e1_new -dataPath ../data/EMinput/\modified\lt_2019_3ch_f22_s1_e1_m56_s1_e1_new
After EUROMOD counterfactual simulation:  counter 95
   3:      0.14 /        8 =       0.0176
Folder lt_2022_cb_3ch_f22_s1_e1_m56_s1_e1_new will be created
../data/EMoutput/\modifiedlt_2022_cb_3ch_f22_s1_e1_m56_s1_e1_new
winexec C:\Program Files\EUROMOD\Executable/EM_ExecutableCaller.exe -emPath R:\B2\01 - Household
> s\10 - Labour supply model\02 - Working area\02 - Training\EUROLAB 1.0\EUROMOD_MASTER_VERSION_
> I4.167 -sys lt_2022_cb -data lt_2019_a3 -outPath ../data/EMoutput/\modified\lt_2022_cb_3ch_f22
> _s1_e1_m56_s1_e1_new -dataPath ../data/EMinput/\modified\lt_2019_3ch_f22_s1_e1_m56_s1_e1_new
After EUROMOD counterfactual simulation:  counter 96
   4:      0.18 /        8 =       0.0231
Looking for output file: attemp 1/500
Looking for output file: attemp 2/500
Looking for output file: attemp 3/500
Looking for output file: attemp 4/500
Looking for output file: attemp 5/500
Looking for output file: attemp 6/500
Looking for output file: attemp 7/500
Looking for output file: attemp 8/500
Looking for output file: attemp 9/500
Looking for output file: attemp 10/500
Looking for output file: attemp 11/500
Looking for output file: attemp 12/500
Looking for output file: attemp 13/500
Looking for output file: attemp 14/500
Looking for output file: attemp 15/500
Looking for output file: attemp 16/500
Looking for output file: attemp 17/500
Looking for output file: attemp 18/500
Looking for output file: attemp 19/500
Start counterfactual simulation for hours 39 and hours 0, sector_f 1, emp_stat_f 1, sector_m 1, 
> emp_stat_m 1: 21:40:42   6 Dec 2022
Folder lt_2022_ba_3ch_f39_s1_e1_m0_s0_e0_new will be created
../data/EMoutput/\modifiedlt_2022_ba_3ch_f39_s1_e1_m0_s0_e0_new
winexec C:\Program Files\EUROMOD\Executable/EM_ExecutableCaller.exe -emPath R:\B2\01 - Household
> s\10 - Labour supply model\02 - Working area\02 - Training\EUROLAB 1.0\EUROMOD_MASTER_VERSION_
> I4.167 -sys lt_2022_ba -data lt_2019_a3 -outPath ../data/EMoutput/\modified\lt_2022_ba_3ch_f39
> _s1_e1_m0_s0_e0_new -dataPath ../data/EMinput/\modified\lt_2019_3ch_f39_s1_e1_m0_s0_e0_new
After EUROMOD counterfactual simulation:  counter 97
   1:      1.13 /       57 =       0.0197
Folder lt_2022_bsa_3ch_f39_s1_e1_m0_s0_e0_new will be created
../data/EMoutput/\modifiedlt_2022_bsa_3ch_f39_s1_e1_m0_s0_e0_new
winexec C:\Program Files\EUROMOD\Executable/EM_ExecutableCaller.exe -emPath R:\B2\01 - Household
> s\10 - Labour supply model\02 - Working area\02 - Training\EUROLAB 1.0\EUROMOD_MASTER_VERSION_
> I4.167 -sys lt_2022_bsa -data lt_2019_a3 -outPath ../data/EMoutput/\modified\lt_2022_bsa_3ch_f
> 39_s1_e1_m0_s0_e0_new -dataPath ../data/EMinput/\modified\lt_2019_3ch_f39_s1_e1_m0_s0_e0_new
After EUROMOD counterfactual simulation:  counter 98
   2:      0.42 /       25 =       0.0169
Folder lt_2022_tin_3ch_f39_s1_e1_m0_s0_e0_new will be created
../data/EMoutput/\modifiedlt_2022_tin_3ch_f39_s1_e1_m0_s0_e0_new
winexec C:\Program Files\EUROMOD\Executable/EM_ExecutableCaller.exe -emPath R:\B2\01 - Household
> s\10 - Labour supply model\02 - Working area\02 - Training\EUROLAB 1.0\EUROMOD_MASTER_VERSION_
> I4.167 -sys lt_2022_tin -data lt_2019_a3 -outPath ../data/EMoutput/\modified\lt_2022_tin_3ch_f
> 39_s1_e1_m0_s0_e0_new -dataPath ../data/EMinput/\modified\lt_2019_3ch_f39_s1_e1_m0_s0_e0_new
After EUROMOD counterfactual simulation:  counter 99
   3:      0.16 /        9 =       0.0176
Folder lt_2022_cb_3ch_f39_s1_e1_m0_s0_e0_new will be created
../data/EMoutput/\modifiedlt_2022_cb_3ch_f39_s1_e1_m0_s0_e0_new
winexec C:\Program Files\EUROMOD\Executable/EM_ExecutableCaller.exe -emPath R:\B2\01 - Household
> s\10 - Labour supply model\02 - Working area\02 - Training\EUROLAB 1.0\EUROMOD_MASTER_VERSION_
> I4.167 -sys lt_2022_cb -data lt_2019_a3 -outPath ../data/EMoutput/\modified\lt_2022_cb_3ch_f39
> _s1_e1_m0_s0_e0_new -dataPath ../data/EMinput/\modified\lt_2019_3ch_f39_s1_e1_m0_s0_e0_new
After EUROMOD counterfactual simulation:  counter 100
   4:      0.20 /        9 =       0.0220
Start counterfactual simulation for hours 39 and hours 22, sector_f 1, emp_stat_f 1, sector_m 0,
>  emp_stat_m 0: 21:40:42   6 Dec 2022
Folder lt_2022_ba_3ch_f39_s1_e1_m22_s1_e1_new will be created
../data/EMoutput/\modifiedlt_2022_ba_3ch_f39_s1_e1_m22_s1_e1_new
winexec C:\Program Files\EUROMOD\Executable/EM_ExecutableCaller.exe -emPath R:\B2\01 - Household
> s\10 - Labour supply model\02 - Working area\02 - Training\EUROLAB 1.0\EUROMOD_MASTER_VERSION_
> I4.167 -sys lt_2022_ba -data lt_2019_a3 -outPath ../data/EMoutput/\modified\lt_2022_ba_3ch_f39
> _s1_e1_m22_s1_e1_new -dataPath ../data/EMinput/\modified\lt_2019_3ch_f39_s1_e1_m22_s1_e1_new
After EUROMOD counterfactual simulation:  counter 101
   1:      1.14 /       58 =       0.0197
Folder lt_2022_bsa_3ch_f39_s1_e1_m22_s1_e1_new will be created
../data/EMoutput/\modifiedlt_2022_bsa_3ch_f39_s1_e1_m22_s1_e1_new
winexec C:\Program Files\EUROMOD\Executable/EM_ExecutableCaller.exe -emPath R:\B2\01 - Household
> s\10 - Labour supply model\02 - Working area\02 - Training\EUROLAB 1.0\EUROMOD_MASTER_VERSION_
> I4.167 -sys lt_2022_bsa -data lt_2019_a3 -outPath ../data/EMoutput/\modified\lt_2022_bsa_3ch_f
> 39_s1_e1_m22_s1_e1_new -dataPath ../data/EMinput/\modified\lt_2019_3ch_f39_s1_e1_m22_s1_e1_new
After EUROMOD counterfactual simulation:  counter 102
   2:      0.45 /       26 =       0.0171
Folder lt_2022_tin_3ch_f39_s1_e1_m22_s1_e1_new will be created
../data/EMoutput/\modifiedlt_2022_tin_3ch_f39_s1_e1_m22_s1_e1_new
winexec C:\Program Files\EUROMOD\Executable/EM_ExecutableCaller.exe -emPath R:\B2\01 - Household
> s\10 - Labour supply model\02 - Working area\02 - Training\EUROLAB 1.0\EUROMOD_MASTER_VERSION_
> I4.167 -sys lt_2022_tin -data lt_2019_a3 -outPath ../data/EMoutput/\modified\lt_2022_tin_3ch_f
> 39_s1_e1_m22_s1_e1_new -dataPath ../data/EMinput/\modified\lt_2019_3ch_f39_s1_e1_m22_s1_e1_new
After EUROMOD counterfactual simulation:  counter 103
   3:      0.17 /       10 =       0.0170
Folder lt_2022_cb_3ch_f39_s1_e1_m22_s1_e1_new will be created
../data/EMoutput/\modifiedlt_2022_cb_3ch_f39_s1_e1_m22_s1_e1_new
winexec C:\Program Files\EUROMOD\Executable/EM_ExecutableCaller.exe -emPath R:\B2\01 - Household
> s\10 - Labour supply model\02 - Working area\02 - Training\EUROLAB 1.0\EUROMOD_MASTER_VERSION_
> I4.167 -sys lt_2022_cb -data lt_2019_a3 -outPath ../data/EMoutput/\modified\lt_2022_cb_3ch_f39
> _s1_e1_m22_s1_e1_new -dataPath ../data/EMinput/\modified\lt_2019_3ch_f39_s1_e1_m22_s1_e1_new
After EUROMOD counterfactual simulation:  counter 104
   4:      0.21 /       10 =       0.0210
Looking for output file: attemp 1/500
Looking for output file: attemp 2/500
Looking for output file: attemp 3/500
Looking for output file: attemp 4/500
Looking for output file: attemp 5/500
Looking for output file: attemp 6/500
Looking for output file: attemp 7/500
Looking for output file: attemp 8/500
Looking for output file: attemp 9/500
Looking for output file: attemp 10/500
Looking for output file: attemp 11/500
Looking for output file: attemp 12/500
Looking for output file: attemp 13/500
Looking for output file: attemp 14/500
Looking for output file: attemp 15/500
Looking for output file: attemp 16/500
Looking for output file: attemp 17/500
Looking for output file: attemp 18/500
Looking for output file: attemp 19/500
Looking for output file: attemp 20/500
Looking for output file: attemp 21/500
Start counterfactual simulation for hours 39 and hours 39, sector_f 1, emp_stat_f 1, sector_m 1,
>  emp_stat_m 1: 21:40:53   6 Dec 2022
Folder lt_2022_ba_3ch_f39_s1_e1_m39_s1_e1_new will be created
../data/EMoutput/\modifiedlt_2022_ba_3ch_f39_s1_e1_m39_s1_e1_new
winexec C:\Program Files\EUROMOD\Executable/EM_ExecutableCaller.exe -emPath R:\B2\01 - Household
> s\10 - Labour supply model\02 - Working area\02 - Training\EUROLAB 1.0\EUROMOD_MASTER_VERSION_
> I4.167 -sys lt_2022_ba -data lt_2019_a3 -outPath ../data/EMoutput/\modified\lt_2022_ba_3ch_f39
> _s1_e1_m39_s1_e1_new -dataPath ../data/EMinput/\modified\lt_2019_3ch_f39_s1_e1_m39_s1_e1_new
After EUROMOD counterfactual simulation:  counter 105
   1:      1.15 /       59 =       0.0196
Folder lt_2022_bsa_3ch_f39_s1_e1_m39_s1_e1_new will be created
../data/EMoutput/\modifiedlt_2022_bsa_3ch_f39_s1_e1_m39_s1_e1_new
winexec C:\Program Files\EUROMOD\Executable/EM_ExecutableCaller.exe -emPath R:\B2\01 - Household
> s\10 - Labour supply model\02 - Working area\02 - Training\EUROLAB 1.0\EUROMOD_MASTER_VERSION_
> I4.167 -sys lt_2022_bsa -data lt_2019_a3 -outPath ../data/EMoutput/\modified\lt_2022_bsa_3ch_f
> 39_s1_e1_m39_s1_e1_new -dataPath ../data/EMinput/\modified\lt_2019_3ch_f39_s1_e1_m39_s1_e1_new
After EUROMOD counterfactual simulation:  counter 106
   2:      0.46 /       27 =       0.0171
Folder lt_2022_tin_3ch_f39_s1_e1_m39_s1_e1_new will be created
../data/EMoutput/\modifiedlt_2022_tin_3ch_f39_s1_e1_m39_s1_e1_new
winexec C:\Program Files\EUROMOD\Executable/EM_ExecutableCaller.exe -emPath R:\B2\01 - Household
> s\10 - Labour supply model\02 - Working area\02 - Training\EUROLAB 1.0\EUROMOD_MASTER_VERSION_
> I4.167 -sys lt_2022_tin -data lt_2019_a3 -outPath ../data/EMoutput/\modified\lt_2022_tin_3ch_f
> 39_s1_e1_m39_s1_e1_new -dataPath ../data/EMinput/\modified\lt_2019_3ch_f39_s1_e1_m39_s1_e1_new
After EUROMOD counterfactual simulation:  counter 107
   3:      0.19 /       11 =       0.0173
Folder lt_2022_cb_3ch_f39_s1_e1_m39_s1_e1_new will be created
../data/EMoutput/\modifiedlt_2022_cb_3ch_f39_s1_e1_m39_s1_e1_new
winexec C:\Program Files\EUROMOD\Executable/EM_ExecutableCaller.exe -emPath R:\B2\01 - Household
> s\10 - Labour supply model\02 - Working area\02 - Training\EUROLAB 1.0\EUROMOD_MASTER_VERSION_
> I4.167 -sys lt_2022_cb -data lt_2019_a3 -outPath ../data/EMoutput/\modified\lt_2022_cb_3ch_f39
> _s1_e1_m39_s1_e1_new -dataPath ../data/EMinput/\modified\lt_2019_3ch_f39_s1_e1_m39_s1_e1_new
After EUROMOD counterfactual simulation:  counter 108
   4:      0.22 /       11 =       0.0201
Start counterfactual simulation for hours 39 and hours 56, sector_f 1, emp_stat_f 1, sector_m 1,
>  emp_stat_m 1: 21:40:53   6 Dec 2022
Folder lt_2022_ba_3ch_f39_s1_e1_m56_s1_e1_new will be created
../data/EMoutput/\modifiedlt_2022_ba_3ch_f39_s1_e1_m56_s1_e1_new
winexec C:\Program Files\EUROMOD\Executable/EM_ExecutableCaller.exe -emPath R:\B2\01 - Household
> s\10 - Labour supply model\02 - Working area\02 - Training\EUROLAB 1.0\EUROMOD_MASTER_VERSION_
> I4.167 -sys lt_2022_ba -data lt_2019_a3 -outPath ../data/EMoutput/\modified\lt_2022_ba_3ch_f39
> _s1_e1_m56_s1_e1_new -dataPath ../data/EMinput/\modified\lt_2019_3ch_f39_s1_e1_m56_s1_e1_new
After EUROMOD counterfactual simulation:  counter 109
   1:      1.17 /       60 =       0.0195
Folder lt_2022_bsa_3ch_f39_s1_e1_m56_s1_e1_new will be created
../data/EMoutput/\modifiedlt_2022_bsa_3ch_f39_s1_e1_m56_s1_e1_new
winexec C:\Program Files\EUROMOD\Executable/EM_ExecutableCaller.exe -emPath R:\B2\01 - Household
> s\10 - Labour supply model\02 - Working area\02 - Training\EUROLAB 1.0\EUROMOD_MASTER_VERSION_
> I4.167 -sys lt_2022_bsa -data lt_2019_a3 -outPath ../data/EMoutput/\modified\lt_2022_bsa_3ch_f
> 39_s1_e1_m56_s1_e1_new -dataPath ../data/EMinput/\modified\lt_2019_3ch_f39_s1_e1_m56_s1_e1_new
After EUROMOD counterfactual simulation:  counter 110
   2:      0.49 /       28 =       0.0176
Folder lt_2022_tin_3ch_f39_s1_e1_m56_s1_e1_new will be created
../data/EMoutput/\modifiedlt_2022_tin_3ch_f39_s1_e1_m56_s1_e1_new
winexec C:\Program Files\EUROMOD\Executable/EM_ExecutableCaller.exe -emPath R:\B2\01 - Household
> s\10 - Labour supply model\02 - Working area\02 - Training\EUROLAB 1.0\EUROMOD_MASTER_VERSION_
> I4.167 -sys lt_2022_tin -data lt_2019_a3 -outPath ../data/EMoutput/\modified\lt_2022_tin_3ch_f
> 39_s1_e1_m56_s1_e1_new -dataPath ../data/EMinput/\modified\lt_2019_3ch_f39_s1_e1_m56_s1_e1_new
After EUROMOD counterfactual simulation:  counter 111
   3:      0.20 /       12 =       0.0169
Folder lt_2022_cb_3ch_f39_s1_e1_m56_s1_e1_new will be created
../data/EMoutput/\modifiedlt_2022_cb_3ch_f39_s1_e1_m56_s1_e1_new
winexec C:\Program Files\EUROMOD\Executable/EM_ExecutableCaller.exe -emPath R:\B2\01 - Household
> s\10 - Labour supply model\02 - Working area\02 - Training\EUROLAB 1.0\EUROMOD_MASTER_VERSION_
> I4.167 -sys lt_2022_cb -data lt_2019_a3 -outPath ../data/EMoutput/\modified\lt_2022_cb_3ch_f39
> _s1_e1_m56_s1_e1_new -dataPath ../data/EMinput/\modified\lt_2019_3ch_f39_s1_e1_m56_s1_e1_new
After EUROMOD counterfactual simulation:  counter 112
   4:      0.23 /       12 =       0.0193
Looking for output file: attemp 1/500
Looking for output file: attemp 2/500
Looking for output file: attemp 3/500
Looking for output file: attemp 4/500
Looking for output file: attemp 5/500
Looking for output file: attemp 6/500
Looking for output file: attemp 7/500
Looking for output file: attemp 8/500
Looking for output file: attemp 9/500
Looking for output file: attemp 10/500
Looking for output file: attemp 11/500
Looking for output file: attemp 12/500
Looking for output file: attemp 13/500
Looking for output file: attemp 14/500
Looking for output file: attemp 15/500
Looking for output file: attemp 16/500
Looking for output file: attemp 17/500
Looking for output file: attemp 18/500
Looking for output file: attemp 19/500
Start counterfactual simulation for hours 56 and hours 0, sector_f 1, emp_stat_f 1, sector_m 1, 
> emp_stat_m 1: 21:41:04   6 Dec 2022
Folder lt_2022_ba_3ch_f56_s1_e1_m0_s0_e0_new will be created
../data/EMoutput/\modifiedlt_2022_ba_3ch_f56_s1_e1_m0_s0_e0_new
winexec C:\Program Files\EUROMOD\Executable/EM_ExecutableCaller.exe -emPath R:\B2\01 - Household
> s\10 - Labour supply model\02 - Working area\02 - Training\EUROLAB 1.0\EUROMOD_MASTER_VERSION_
> I4.167 -sys lt_2022_ba -data lt_2019_a3 -outPath ../data/EMoutput/\modified\lt_2022_ba_3ch_f56
> _s1_e1_m0_s0_e0_new -dataPath ../data/EMinput/\modified\lt_2019_3ch_f56_s1_e1_m0_s0_e0_new
After EUROMOD counterfactual simulation:  counter 113
   1:      1.19 /       61 =       0.0195
Folder lt_2022_bsa_3ch_f56_s1_e1_m0_s0_e0_new will be created
../data/EMoutput/\modifiedlt_2022_bsa_3ch_f56_s1_e1_m0_s0_e0_new
winexec C:\Program Files\EUROMOD\Executable/EM_ExecutableCaller.exe -emPath R:\B2\01 - Household
> s\10 - Labour supply model\02 - Working area\02 - Training\EUROLAB 1.0\EUROMOD_MASTER_VERSION_
> I4.167 -sys lt_2022_bsa -data lt_2019_a3 -outPath ../data/EMoutput/\modified\lt_2022_bsa_3ch_f
> 56_s1_e1_m0_s0_e0_new -dataPath ../data/EMinput/\modified\lt_2019_3ch_f56_s1_e1_m0_s0_e0_new
After EUROMOD counterfactual simulation:  counter 114
   2:      0.50 /       29 =       0.0174
Folder lt_2022_tin_3ch_f56_s1_e1_m0_s0_e0_new will be created
../data/EMoutput/\modifiedlt_2022_tin_3ch_f56_s1_e1_m0_s0_e0_new
winexec C:\Program Files\EUROMOD\Executable/EM_ExecutableCaller.exe -emPath R:\B2\01 - Household
> s\10 - Labour supply model\02 - Working area\02 - Training\EUROLAB 1.0\EUROMOD_MASTER_VERSION_
> I4.167 -sys lt_2022_tin -data lt_2019_a3 -outPath ../data/EMoutput/\modified\lt_2022_tin_3ch_f
> 56_s1_e1_m0_s0_e0_new -dataPath ../data/EMinput/\modified\lt_2019_3ch_f56_s1_e1_m0_s0_e0_new
After EUROMOD counterfactual simulation:  counter 115
   3:      0.22 /       13 =       0.0172
Folder lt_2022_cb_3ch_f56_s1_e1_m0_s0_e0_new will be created
../data/EMoutput/\modifiedlt_2022_cb_3ch_f56_s1_e1_m0_s0_e0_new
winexec C:\Program Files\EUROMOD\Executable/EM_ExecutableCaller.exe -emPath R:\B2\01 - Household
> s\10 - Labour supply model\02 - Working area\02 - Training\EUROLAB 1.0\EUROMOD_MASTER_VERSION_
> I4.167 -sys lt_2022_cb -data lt_2019_a3 -outPath ../data/EMoutput/\modified\lt_2022_cb_3ch_f56
> _s1_e1_m0_s0_e0_new -dataPath ../data/EMinput/\modified\lt_2019_3ch_f56_s1_e1_m0_s0_e0_new
After EUROMOD counterfactual simulation:  counter 116
   4:      0.25 /       13 =       0.0190
Start counterfactual simulation for hours 56 and hours 22, sector_f 1, emp_stat_f 1, sector_m 0,
>  emp_stat_m 0: 21:41:04   6 Dec 2022
Folder lt_2022_ba_3ch_f56_s1_e1_m22_s1_e1_new will be created
../data/EMoutput/\modifiedlt_2022_ba_3ch_f56_s1_e1_m22_s1_e1_new
winexec C:\Program Files\EUROMOD\Executable/EM_ExecutableCaller.exe -emPath R:\B2\01 - Household
> s\10 - Labour supply model\02 - Working area\02 - Training\EUROLAB 1.0\EUROMOD_MASTER_VERSION_
> I4.167 -sys lt_2022_ba -data lt_2019_a3 -outPath ../data/EMoutput/\modified\lt_2022_ba_3ch_f56
> _s1_e1_m22_s1_e1_new -dataPath ../data/EMinput/\modified\lt_2019_3ch_f56_s1_e1_m22_s1_e1_new
After EUROMOD counterfactual simulation:  counter 117
   1:      1.23 /       62 =       0.0199
Folder lt_2022_bsa_3ch_f56_s1_e1_m22_s1_e1_new will be created
../data/EMoutput/\modifiedlt_2022_bsa_3ch_f56_s1_e1_m22_s1_e1_new
winexec C:\Program Files\EUROMOD\Executable/EM_ExecutableCaller.exe -emPath R:\B2\01 - Household
> s\10 - Labour supply model\02 - Working area\02 - Training\EUROLAB 1.0\EUROMOD_MASTER_VERSION_
> I4.167 -sys lt_2022_bsa -data lt_2019_a3 -outPath ../data/EMoutput/\modified\lt_2022_bsa_3ch_f
> 56_s1_e1_m22_s1_e1_new -dataPath ../data/EMinput/\modified\lt_2019_3ch_f56_s1_e1_m22_s1_e1_new
After EUROMOD counterfactual simulation:  counter 118
   2:      0.52 /       30 =       0.0173
Folder lt_2022_tin_3ch_f56_s1_e1_m22_s1_e1_new will be created
../data/EMoutput/\modifiedlt_2022_tin_3ch_f56_s1_e1_m22_s1_e1_new
winexec C:\Program Files\EUROMOD\Executable/EM_ExecutableCaller.exe -emPath R:\B2\01 - Household
> s\10 - Labour supply model\02 - Working area\02 - Training\EUROLAB 1.0\EUROMOD_MASTER_VERSION_
> I4.167 -sys lt_2022_tin -data lt_2019_a3 -outPath ../data/EMoutput/\modified\lt_2022_tin_3ch_f
> 56_s1_e1_m22_s1_e1_new -dataPath ../data/EMinput/\modified\lt_2019_3ch_f56_s1_e1_m22_s1_e1_new
After EUROMOD counterfactual simulation:  counter 119
   3:      0.26 /       14 =       0.0186
Folder lt_2022_cb_3ch_f56_s1_e1_m22_s1_e1_new will be created
../data/EMoutput/\modifiedlt_2022_cb_3ch_f56_s1_e1_m22_s1_e1_new
winexec C:\Program Files\EUROMOD\Executable/EM_ExecutableCaller.exe -emPath R:\B2\01 - Household
> s\10 - Labour supply model\02 - Working area\02 - Training\EUROLAB 1.0\EUROMOD_MASTER_VERSION_
> I4.167 -sys lt_2022_cb -data lt_2019_a3 -outPath ../data/EMoutput/\modified\lt_2022_cb_3ch_f56
> _s1_e1_m22_s1_e1_new -dataPath ../data/EMinput/\modified\lt_2019_3ch_f56_s1_e1_m22_s1_e1_new
After EUROMOD counterfactual simulation:  counter 120
   4:      0.27 /       14 =       0.0192
Looking for output file: attemp 1/500
Looking for output file: attemp 2/500
Looking for output file: attemp 3/500
Looking for output file: attemp 4/500
Looking for output file: attemp 5/500
Looking for output file: attemp 6/500
Looking for output file: attemp 7/500
Looking for output file: attemp 8/500
Looking for output file: attemp 9/500
Looking for output file: attemp 10/500
Looking for output file: attemp 11/500
Looking for output file: attemp 12/500
Looking for output file: attemp 13/500
Looking for output file: attemp 14/500
Looking for output file: attemp 15/500
Looking for output file: attemp 16/500
Looking for output file: attemp 17/500
Looking for output file: attemp 18/500
Looking for output file: attemp 19/500
Start counterfactual simulation for hours 56 and hours 39, sector_f 1, emp_stat_f 1, sector_m 1,
>  emp_stat_m 1: 21:41:14   6 Dec 2022
Folder lt_2022_ba_3ch_f56_s1_e1_m39_s1_e1_new will be created
../data/EMoutput/\modifiedlt_2022_ba_3ch_f56_s1_e1_m39_s1_e1_new
winexec C:\Program Files\EUROMOD\Executable/EM_ExecutableCaller.exe -emPath R:\B2\01 - Household
> s\10 - Labour supply model\02 - Working area\02 - Training\EUROLAB 1.0\EUROMOD_MASTER_VERSION_
> I4.167 -sys lt_2022_ba -data lt_2019_a3 -outPath ../data/EMoutput/\modified\lt_2022_ba_3ch_f56
> _s1_e1_m39_s1_e1_new -dataPath ../data/EMinput/\modified\lt_2019_3ch_f56_s1_e1_m39_s1_e1_new
After EUROMOD counterfactual simulation:  counter 121
   1:      1.26 /       63 =       0.0199
Folder lt_2022_bsa_3ch_f56_s1_e1_m39_s1_e1_new will be created
../data/EMoutput/\modifiedlt_2022_bsa_3ch_f56_s1_e1_m39_s1_e1_new
winexec C:\Program Files\EUROMOD\Executable/EM_ExecutableCaller.exe -emPath R:\B2\01 - Household
> s\10 - Labour supply model\02 - Working area\02 - Training\EUROLAB 1.0\EUROMOD_MASTER_VERSION_
> I4.167 -sys lt_2022_bsa -data lt_2019_a3 -outPath ../data/EMoutput/\modified\lt_2022_bsa_3ch_f
> 56_s1_e1_m39_s1_e1_new -dataPath ../data/EMinput/\modified\lt_2019_3ch_f56_s1_e1_m39_s1_e1_new
After EUROMOD counterfactual simulation:  counter 122
   2:      0.54 /       31 =       0.0175
Folder lt_2022_tin_3ch_f56_s1_e1_m39_s1_e1_new will be created
../data/EMoutput/\modifiedlt_2022_tin_3ch_f56_s1_e1_m39_s1_e1_new
winexec C:\Program Files\EUROMOD\Executable/EM_ExecutableCaller.exe -emPath R:\B2\01 - Household
> s\10 - Labour supply model\02 - Working area\02 - Training\EUROLAB 1.0\EUROMOD_MASTER_VERSION_
> I4.167 -sys lt_2022_tin -data lt_2019_a3 -outPath ../data/EMoutput/\modified\lt_2022_tin_3ch_f
> 56_s1_e1_m39_s1_e1_new -dataPath ../data/EMinput/\modified\lt_2019_3ch_f56_s1_e1_m39_s1_e1_new
After EUROMOD counterfactual simulation:  counter 123
   3:      0.27 /       15 =       0.0182
Folder lt_2022_cb_3ch_f56_s1_e1_m39_s1_e1_new will be created
../data/EMoutput/\modifiedlt_2022_cb_3ch_f56_s1_e1_m39_s1_e1_new
winexec C:\Program Files\EUROMOD\Executable/EM_ExecutableCaller.exe -emPath R:\B2\01 - Household
> s\10 - Labour supply model\02 - Working area\02 - Training\EUROLAB 1.0\EUROMOD_MASTER_VERSION_
> I4.167 -sys lt_2022_cb -data lt_2019_a3 -outPath ../data/EMoutput/\modified\lt_2022_cb_3ch_f56
> _s1_e1_m39_s1_e1_new -dataPath ../data/EMinput/\modified\lt_2019_3ch_f56_s1_e1_m39_s1_e1_new
After EUROMOD counterfactual simulation:  counter 124
   4:      0.28 /       15 =       0.0187
Start counterfactual simulation for hours 56 and hours 56, sector_f 1, emp_stat_f 1, sector_m 1,
>  emp_stat_m 1: 21:41:14   6 Dec 2022
Folder lt_2022_ba_3ch_f56_s1_e1_m56_s1_e1_new will be created
../data/EMoutput/\modifiedlt_2022_ba_3ch_f56_s1_e1_m56_s1_e1_new
winexec C:\Program Files\EUROMOD\Executable/EM_ExecutableCaller.exe -emPath R:\B2\01 - Household
> s\10 - Labour supply model\02 - Working area\02 - Training\EUROLAB 1.0\EUROMOD_MASTER_VERSION_
> I4.167 -sys lt_2022_ba -data lt_2019_a3 -outPath ../data/EMoutput/\modified\lt_2022_ba_3ch_f56
> _s1_e1_m56_s1_e1_new -dataPath ../data/EMinput/\modified\lt_2019_3ch_f56_s1_e1_m56_s1_e1_new
After EUROMOD counterfactual simulation:  counter 125
   1:      1.27 /       64 =       0.0199
Folder lt_2022_bsa_3ch_f56_s1_e1_m56_s1_e1_new will be created
../data/EMoutput/\modifiedlt_2022_bsa_3ch_f56_s1_e1_m56_s1_e1_new
winexec C:\Program Files\EUROMOD\Executable/EM_ExecutableCaller.exe -emPath R:\B2\01 - Household
> s\10 - Labour supply model\02 - Working area\02 - Training\EUROLAB 1.0\EUROMOD_MASTER_VERSION_
> I4.167 -sys lt_2022_bsa -data lt_2019_a3 -outPath ../data/EMoutput/\modified\lt_2022_bsa_3ch_f
> 56_s1_e1_m56_s1_e1_new -dataPath ../data/EMinput/\modified\lt_2019_3ch_f56_s1_e1_m56_s1_e1_new
After EUROMOD counterfactual simulation:  counter 126
   2:      0.56 /       32 =       0.0173
Folder lt_2022_tin_3ch_f56_s1_e1_m56_s1_e1_new will be created
../data/EMoutput/\modifiedlt_2022_tin_3ch_f56_s1_e1_m56_s1_e1_new
winexec C:\Program Files\EUROMOD\Executable/EM_ExecutableCaller.exe -emPath R:\B2\01 - Household
> s\10 - Labour supply model\02 - Working area\02 - Training\EUROLAB 1.0\EUROMOD_MASTER_VERSION_
> I4.167 -sys lt_2022_tin -data lt_2019_a3 -outPath ../data/EMoutput/\modified\lt_2022_tin_3ch_f
> 56_s1_e1_m56_s1_e1_new -dataPath ../data/EMinput/\modified\lt_2019_3ch_f56_s1_e1_m56_s1_e1_new
After EUROMOD counterfactual simulation:  counter 127
   3:      0.29 /       16 =       0.0179
Folder lt_2022_cb_3ch_f56_s1_e1_m56_s1_e1_new will be created
../data/EMoutput/\modifiedlt_2022_cb_3ch_f56_s1_e1_m56_s1_e1_new
winexec C:\Program Files\EUROMOD\Executable/EM_ExecutableCaller.exe -emPath R:\B2\01 - Household
> s\10 - Labour supply model\02 - Working area\02 - Training\EUROLAB 1.0\EUROMOD_MASTER_VERSION_
> I4.167 -sys lt_2022_cb -data lt_2019_a3 -outPath ../data/EMoutput/\modified\lt_2022_cb_3ch_f56
> _s1_e1_m56_s1_e1_new -dataPath ../data/EMinput/\modified\lt_2019_3ch_f56_s1_e1_m56_s1_e1_new
After EUROMOD counterfactual simulation:  counter 128
   4:      0.31 /       16 =       0.0193
Looking for output file: attemp 1/500
Looking for output file: attemp 2/500
Looking for output file: attemp 3/500
Looking for output file: attemp 4/500
Looking for output file: attemp 5/500
Looking for output file: attemp 6/500
Looking for output file: attemp 7/500
Looking for output file: attemp 8/500
Looking for output file: attemp 9/500
Looking for output file: attemp 10/500
Looking for output file: attemp 11/500
Looking for output file: attemp 12/500
Looking for output file: attemp 13/500
Looking for output file: attemp 14/500
Looking for output file: attemp 15/500
Looking for output file: attemp 16/500
Looking for output file: attemp 17/500
Looking for output file: attemp 18/500
Looking for output file: attemp 19/500

. ********************************************************************************
. 
. di in r "Start merging fullsample: $S_TIME  $S_DATE"
Start merging fullsample: 21:41:24   6 Dec 2022

. local firstref 1

. foreach ref in $reforms {
  2.         
.         di in r "Start merging full simulation `ref'"
  3.         if "`ref'" == "base" & strpos("$reforms", "new") != 0  {
  4.                 global policyyears ="$pyear $ryear"
  5.         }
  6.         else if "`ref'" == "new" {
  7.                 global policyyears = "$new_reforms"
  8.         }
  9.         else {
 10.                 global policyyears = "$pyear"
 11.         }
 12. 
.         display "global policyyears: $policyyears"
 13.         
.     local firstp = 1
 14. 
.     foreach p in $policyyears {
 15.                 sleep 500
 16.         capture confirm file "${Fol_`ref'_full}\\${country}_`p'_std.txt"
 17.                 local temp_counter=0
 18.         while _rc {
 19.                         local ++temp_counter
 20.                         if `temp_counter'<500{
 21.                                 sleep 500
 22.                                 capture confirm file "${Fol_`ref'_full}\\${country}_`p'_std
> .txt"
 23.                         }
 24.                         else{
 25.                                 di in r "ERROR: File ${country}_`p'_std.txt was not found. 
> Please check error in EUROMOD log file inside folder ${Fol_`ref'_full} and run 3_simulation_dp
> i again."
 26.                                 stop
 27.                         }
 28.                         di "Looking for full sample output file: attemp `temp_counter'/500"
 29.         }
 30.                 //di in r "merging full `temp_counter'"
.                 
.                 local var_list_to_include=""
 31.         insheet using "${Fol_`ref'_full}\\${country}_`p'_std.txt", tab names clear double
 32.                 isid idperson
 33.         cap drop lhw_?
 34.         
.         // Destring
.         foreach var of varlist _all {
 35.             cap replace `var' = subinstr(`var', ",", ".", 1)
 36.             cap destring `var', replace
 37.         }
 38. 
.         compress
 39. 
.         local p_clear = substr("`p'", 1, 4)
 40.         
.                 di in r "`p'"
 41.                 di in r "`p_clear'"
 42.                 
.                 global keepvars_ref = ""
 43.                 foreach var of global keepvars {
 44.             cap rename `var' `var'_p`p'_`ref'
 45.                         di in r "`var'_p`p'_`ref'"
 46.                         global keepvars_ref "${keepvars_ref} `var'_p`p'_`ref'"
 47.         }
 48.         
.                 
.                 keep idhh idperson dwt $keepvars_ref
 49. 
.                         
.         sort idperson
 50.                 di in r "firstp `firstp'"
 51.         if `firstp' == 1 {
 52.             save "${path_LSscen}/0_fullsample/${country}_${year}_${choices}ch_fullsample_`r
> ef'.dta", replace
 53.                         di in r "ch_fullsample_`ref'"
 54.             local firstp = 0
 55.         }
 56.         else {
 57.                 capture drop _merge
 58.             merge 1:1 idperson using "${path_LSscen}/0_fullsample/${country}_${year}_${choi
> ces}ch_fullsample_`ref'.dta",nogenerate
 59.             save "${path_LSscen}/0_fullsample/${country}_${year}_${choices}ch_fullsample_`r
> ef'.dta", replace
 60.                         *di in r "save ${path_LSscen}/0_fullsample/${country}_${year}_${cho
> ices}ch_fullsample_`ref'.dta, replace"
.             }
 61.     }
 62.     if `firstref' == 1 {
 63.         save "${path_LSscen}/0_fullsample/${country}_${year}_${choices}ch_originalsample.dt
> a", replace
 64.         local firstref 0
 65.     }
 66.     else {
 67.         merge 1:1 idperson using "${path_LSscen}/0_fullsample/${country}_${year}_${choices}
> ch_originalsample.dta",nogenerate
 68.         save "${path_LSscen}/0_fullsample/${country}_${year}_${choices}ch_originalsample.dt
> a", replace
 69.     }
 70. }
Start merging full simulation base
global policyyears: 2018 2022
(294 vars, 11,356 obs)
  (0 bytes saved)
2018
2018
ils_dispy_p2018_base
ils_origy_p2018_base
ils_origrepy_p2018_base
ils_earns_p2018_base
ils_sicee_p2018_base
ils_sicdy_p2018_base
ils_sicse_p2018_base
ils_sicer_p2018_base
ils_sicot_p2018_base
ils_ben_p2018_base
ils_tax_p2018_base
bunct_s_p2018_base
firstp 1
file ../data//LSscenarios//0_fullsample/lt_2019_3ch_fullsample_base.dta saved
ch_fullsample_base
(351 vars, 11,356 obs)
  (0 bytes saved)
2022
2022
ils_dispy_p2022_base
ils_origy_p2022_base
ils_origrepy_p2022_base
ils_earns_p2022_base
ils_sicee_p2022_base
ils_sicdy_p2022_base
ils_sicse_p2022_base
ils_sicer_p2022_base
ils_sicot_p2022_base
ils_ben_p2022_base
ils_tax_p2022_base
bunct_s_p2022_base
firstp 0

    Result                      Number of obs
    -----------------------------------------
    Not matched                             0
    Matched                            11,356  
    -----------------------------------------
file ../data//LSscenarios//0_fullsample/lt_2019_3ch_fullsample_base.dta saved
file ../data//LSscenarios//0_fullsample/lt_2019_3ch_originalsample.dta saved
Start merging full simulation m
global policyyears: 2018
(294 vars, 11,356 obs)
  (0 bytes saved)
2018
2018
ils_dispy_p2018_m
ils_origy_p2018_m
ils_origrepy_p2018_m
ils_earns_p2018_m
ils_sicee_p2018_m
ils_sicdy_p2018_m
ils_sicse_p2018_m
ils_sicer_p2018_m
ils_sicot_p2018_m
ils_ben_p2018_m
ils_tax_p2018_m
bunct_s_p2018_m
firstp 1
file ../data//LSscenarios//0_fullsample/lt_2019_3ch_fullsample_m.dta saved
ch_fullsample_m

    Result                      Number of obs
    -----------------------------------------
    Not matched                             0
    Matched                            11,356  
    -----------------------------------------
file ../data//LSscenarios//0_fullsample/lt_2019_3ch_originalsample.dta saved
Start merging full simulation f
global policyyears: 2018
(294 vars, 11,356 obs)
  (0 bytes saved)
2018
2018
ils_dispy_p2018_f
ils_origy_p2018_f
ils_origrepy_p2018_f
ils_earns_p2018_f
ils_sicee_p2018_f
ils_sicdy_p2018_f
ils_sicse_p2018_f
ils_sicer_p2018_f
ils_sicot_p2018_f
ils_ben_p2018_f
ils_tax_p2018_f
bunct_s_p2018_f
firstp 1
file ../data//LSscenarios//0_fullsample/lt_2019_3ch_fullsample_f.dta saved
ch_fullsample_f

    Result                      Number of obs
    -----------------------------------------
    Not matched                             0
    Matched                            11,356  
    -----------------------------------------
file ../data//LSscenarios//0_fullsample/lt_2019_3ch_originalsample.dta saved
Start merging full simulation new
global policyyears: 2022_ba 2022_bsa  2022_tin  2022_cb
(351 vars, 11,356 obs)
  (0 bytes saved)
2022_ba
2022
ils_dispy_p2022_ba_new
ils_origy_p2022_ba_new
ils_origrepy_p2022_ba_new
ils_earns_p2022_ba_new
ils_sicee_p2022_ba_new
ils_sicdy_p2022_ba_new
ils_sicse_p2022_ba_new
ils_sicer_p2022_ba_new
ils_sicot_p2022_ba_new
ils_ben_p2022_ba_new
ils_tax_p2022_ba_new
bunct_s_p2022_ba_new
firstp 1
file ../data//LSscenarios//0_fullsample/lt_2019_3ch_fullsample_new.dta saved
ch_fullsample_new
(351 vars, 11,356 obs)
  (0 bytes saved)
2022_bsa
2022
ils_dispy_p2022_bsa_new
ils_origy_p2022_bsa_new
ils_origrepy_p2022_bsa_new
ils_earns_p2022_bsa_new
ils_sicee_p2022_bsa_new
ils_sicdy_p2022_bsa_new
ils_sicse_p2022_bsa_new
ils_sicer_p2022_bsa_new
ils_sicot_p2022_bsa_new
ils_ben_p2022_bsa_new
ils_tax_p2022_bsa_new
bunct_s_p2022_bsa_new
firstp 0

    Result                      Number of obs
    -----------------------------------------
    Not matched                             0
    Matched                            11,356  
    -----------------------------------------
file ../data//LSscenarios//0_fullsample/lt_2019_3ch_fullsample_new.dta saved
(351 vars, 11,356 obs)
  (0 bytes saved)
2022_tin
2022
ils_dispy_p2022_tin_new
ils_origy_p2022_tin_new
ils_origrepy_p2022_tin_new
ils_earns_p2022_tin_new
ils_sicee_p2022_tin_new
ils_sicdy_p2022_tin_new
ils_sicse_p2022_tin_new
ils_sicer_p2022_tin_new
ils_sicot_p2022_tin_new
ils_ben_p2022_tin_new
ils_tax_p2022_tin_new
bunct_s_p2022_tin_new
firstp 0

    Result                      Number of obs
    -----------------------------------------
    Not matched                             0
    Matched                            11,356  
    -----------------------------------------
file ../data//LSscenarios//0_fullsample/lt_2019_3ch_fullsample_new.dta saved
(351 vars, 11,356 obs)
  (0 bytes saved)
2022_cb
2022
ils_dispy_p2022_cb_new
ils_origy_p2022_cb_new
ils_origrepy_p2022_cb_new
ils_earns_p2022_cb_new
ils_sicee_p2022_cb_new
ils_sicdy_p2022_cb_new
ils_sicse_p2022_cb_new
ils_sicer_p2022_cb_new
ils_sicot_p2022_cb_new
ils_ben_p2022_cb_new
ils_tax_p2022_cb_new
bunct_s_p2022_cb_new
firstp 0

    Result                      Number of obs
    -----------------------------------------
    Not matched                             0
    Matched                            11,356  
    -----------------------------------------
file ../data//LSscenarios//0_fullsample/lt_2019_3ch_fullsample_new.dta saved

    Result                      Number of obs
    -----------------------------------------
    Not matched                             0
    Matched                            11,356  
    -----------------------------------------
file ../data//LSscenarios//0_fullsample/lt_2019_3ch_originalsample.dta saved

. 
. 
. ********************************************************************************
. di in r "RUN_COUNTERFACTUALS $RUN_COUNTERFACTUALS: $S_TIME  $S_DATE"
RUN_COUNTERFACTUALS 1: 21:41:43   6 Dec 2022

. clear

. 
. local all_globals="hours country choices year path_EMinput path_EMoutput path_LSscen RUN_EM ou
> tlog keepvars EmplStatus NumberOfSectors"

. 
. set obs 1
Number of observations (_N) was 0, now 1.

. foreach a of local all_globals {
  2.         gen `a'="${`a'}" 
  3. }

. save "all_globals.dta",replace
(file all_globals.dta not found)
file all_globals.dta saved

. 
. 
. ***********************************************************************
. if $RUN_COUNTERFACTUALS == 1 {
.    
.         createFolder "${path_EMinput}" "temp_folder"
Folder temp_folder will be created
.         local hour_num=0
.         local multiplier=1
.         local expected_files=((wordcount("$hours")-2)*(${NumberOfSectors}*${EmplStatus}))+2
.         di in r "NumberOfSectors ${NumberOfSectors} EmplStatus ${EmplStatus}"
NumberOfSectors 1 EmplStatus 1
.         
.     foreach ref in $reforms {
  2.         
.                 di in r "start foreach `ref' "
  3.                  if "`ref'" == "base" & strpos("$reforms", "new") != 0  {
  4.                         global policyyears ="$pyear $ryear"
  5.                 }
  6.                 else if "`ref'" == "new" {
  7.                         global policyyears = "$new_reforms"
  8.                 }
  9.                 else {
 10.                         global policyyears = "$pyear"
 11.                 }
 12.                 
.                 createFolder "${path_EMinput}" "temp_folder_hours_`ref'"
 13.                 di in r "policyyears $policyyears"
 14.                 local file_num=0
 15.                 foreach i in $hours {
 16.                         if (`i' == 0 | `i' == 5) {
 17.                                 local start=0
 18.                         }
 19.                         else{
 20.                                 local start=1
 21.                         }
 22.                         forvalues sec_f = `start'/${NumberOfSectors} {
 23.                                 forvalues empstat_f = `start'/${EmplStatus} {   
 24.                                         //Launch new STATA instance
.                                         winexec "${path_stata}" "/e" "do" "3a_merge_CF" "`i'" 
> "`ref'" "`sec_f'" "`empstat_f'" "$policyyears"
 25.                                         
.                                         if (`i' == 0 | `i' == 5){
 26.                                                 continue, break
 27.                                         }
 28.                                         
.                                         local ++file_num
 29.                                         local ++hour_num
 30.                                         local temp_number_files=`multiplier'*$split_number_
> STATA
 31.                                         
.                                         if `hour_num'==`temp_number_files'{
 32.                                                 *sleep 500
.                                                 local temp_list:dir "${path_EMinput}/temp_fold
> er_hours_`ref'" files "*"
 33.                                                 local numfiles : word count `temp_list'
 34.                                                 local temp_counter=0
 35.                                                 while `numfiles'< `file_num' {
 36.                                                         local ++temp_counter
 37.                                                         if `temp_counter'<2500{ //Equivalen
> t approx to 20 minutes wait
 38.                                                                 sleep 500
 39.                                                                 local temp_list:dir "${path
> _EMinput}/temp_folder_hours_`ref'" files "*"
 40.                                                                 local numfiles : word count
>  `temp_list'
 41.                                                         }
 42.                                                         else{ 
 43.                                                                 capture window stopbox rusu
> re "ERROR: STATA instance failed while merging output data. You can find more info about error
>  in 3a_merge_CF log files in do folder.  Do you want to close STATA?"
 44.                                                                 if _rc == 0 {
 45.                                                                         exit, STATA clear
 46.                                                                 }
 47.                                                                 else{
 48.                                                                         stop
 49.                                                                 }
 50.                                                         }
 51.                                                         di "Merging output in 3a_merge_CF: 
> attemp `temp_counter'/2500"
 52.                                                 }
 53.                                                 local ++multiplier
 54.                                         }
 55.                                 } //End empstat_f
 56.                                 if (`i' == 0 | `i' == 5){
 57.                                                 continue, break
 58.                                 }
 59.                         }       //End sec_f
 60.                 }       //End hours i
 61.         } //End reforms
start foreach base 
Folder temp_folder_hours_base will be created
policyyears 2018 2022
start foreach m 
Folder temp_folder_hours_m will be created
policyyears 2018
start foreach f 
Folder temp_folder_hours_f will be created
policyyears 2018
Merging output in 3a_merge_CF: attemp 1/2500
Merging output in 3a_merge_CF: attemp 2/2500
Merging output in 3a_merge_CF: attemp 3/2500
Merging output in 3a_merge_CF: attemp 4/2500
Merging output in 3a_merge_CF: attemp 5/2500
Merging output in 3a_merge_CF: attemp 6/2500
Merging output in 3a_merge_CF: attemp 7/2500
Merging output in 3a_merge_CF: attemp 8/2500
Merging output in 3a_merge_CF: attemp 9/2500
Merging output in 3a_merge_CF: attemp 10/2500
Merging output in 3a_merge_CF: attemp 11/2500
Merging output in 3a_merge_CF: attemp 12/2500
Merging output in 3a_merge_CF: attemp 13/2500
Merging output in 3a_merge_CF: attemp 14/2500
Merging output in 3a_merge_CF: attemp 15/2500
Merging output in 3a_merge_CF: attemp 16/2500
Merging output in 3a_merge_CF: attemp 17/2500
Merging output in 3a_merge_CF: attemp 18/2500
Merging output in 3a_merge_CF: attemp 19/2500
Merging output in 3a_merge_CF: attemp 20/2500
Merging output in 3a_merge_CF: attemp 21/2500
Merging output in 3a_merge_CF: attemp 22/2500
start foreach new 
Folder temp_folder_hours_new will be created
policyyears 2022_ba 2022_bsa  2022_tin  2022_cb
. 
.         di in r "Expected_files `expected_files'"
Expected_files 4
.         foreach ref in $reforms {
  2.                 local temp_list:dir "${path_EMinput}/temp_folder_hours_`ref'" files "*"
  3.                 local numfiles : word count `temp_list'
  4.                 
.                 local temp_counter=0
  5.                 while `numfiles'< `expected_files'{
  6.                         local ++temp_counter
  7.                         if `temp_counter'<500{
  8.                                 sleep 500
  9.                                 local temp_list:dir "${path_EMinput}/temp_folder_hours_`ref
> '" files "*"
 10.                                 local numfiles : word count `temp_list'
 11.                         }
 12.                         else{ 
 13.                                 di in r "ERROR: STATA instance failed while merging output 
> data in previous step. Number of files (`numfiles') is less than expected number of files (`ex
> pected_files'). Please find more info about error in 3a_merge_CF log files in do folder and ru
> n again"
 14.                                 stop
 15.                         }
 16.                         di "Merging output in 3b_merge_CF: attemp `temp_counter'/500"
 17.                 }
 18.                 
.                 //Ready to continue (all dta files exist) - Launch STATA instances
.                 winexec "${path_stata}" "/e" "do" "3b_merge_CF" "`ref'"
 19.         }
Merging output in 3b_merge_CF: attemp 1/500
Merging output in 3b_merge_CF: attemp 2/500
Merging output in 3b_merge_CF: attemp 3/500
Merging output in 3b_merge_CF: attemp 4/500
Merging output in 3b_merge_CF: attemp 5/500
Merging output in 3b_merge_CF: attemp 6/500
Merging output in 3b_merge_CF: attemp 7/500
Merging output in 3b_merge_CF: attemp 8/500
Merging output in 3b_merge_CF: attemp 9/500
Merging output in 3b_merge_CF: attemp 10/500
Merging output in 3b_merge_CF: attemp 11/500
Merging output in 3b_merge_CF: attemp 1/500
Merging output in 3b_merge_CF: attemp 2/500
Merging output in 3b_merge_CF: attemp 3/500
Merging output in 3b_merge_CF: attemp 4/500
Merging output in 3b_merge_CF: attemp 5/500
Merging output in 3b_merge_CF: attemp 1/500
Merging output in 3b_merge_CF: attemp 2/500
Merging output in 3b_merge_CF: attemp 3/500
Merging output in 3b_merge_CF: attemp 4/500
Merging output in 3b_merge_CF: attemp 5/500
Merging output in 3b_merge_CF: attemp 6/500
Merging output in 3b_merge_CF: attemp 7/500
Merging output in 3b_merge_CF: attemp 8/500
Merging output in 3b_merge_CF: attemp 9/500
Merging output in 3b_merge_CF: attemp 10/500
Merging output in 3b_merge_CF: attemp 11/500
Merging output in 3b_merge_CF: attemp 12/500
Merging output in 3b_merge_CF: attemp 13/500
Merging output in 3b_merge_CF: attemp 14/500
Merging output in 3b_merge_CF: attemp 15/500
Merging output in 3b_merge_CF: attemp 16/500
Merging output in 3b_merge_CF: attemp 17/500
Merging output in 3b_merge_CF: attemp 18/500
Merging output in 3b_merge_CF: attemp 19/500
Merging output in 3b_merge_CF: attemp 20/500
Merging output in 3b_merge_CF: attemp 21/500
Merging output in 3b_merge_CF: attemp 22/500
Merging output in 3b_merge_CF: attemp 23/500
Merging output in 3b_merge_CF: attemp 24/500
Merging output in 3b_merge_CF: attemp 25/500
Merging output in 3b_merge_CF: attemp 26/500
Merging output in 3b_merge_CF: attemp 27/500
Merging output in 3b_merge_CF: attemp 28/500
Merging output in 3b_merge_CF: attemp 29/500
Merging output in 3b_merge_CF: attemp 30/500
Merging output in 3b_merge_CF: attemp 31/500
.                                 
.         local firstref=1
.         local expected_ref=wordcount("$reforms")
.         foreach ref in $reforms {
  2.                 *sleep 500
.         capture confirm file "${path_EMinput}/temp_folder/temp_file_`ref'.txt"
  3.                 local temp_counter=0
  4.         while _rc {
  5.                         local ++temp_counter
  6.                         if `temp_counter'<500{
  7.                 sleep 500
  8.                 capture confirm file "${path_EMinput}/temp_folder/temp_file_`ref'.txt"
  9.                         }
 10.                         else{ 
 11.                                 di in r "ERROR: STATA instance failed while merging output 
> data in previous step. File ${path_EMinput}/temp_folder/temp_file_`ref'.txt is not found. Plea
> se find more info about error in 3b_merge_CF log files in do folder and run again"
 12.                                 stop
 13.                         }
 14.                         di "Merging output in 3c_merge_CF: attemp `temp_counter'/500"
 15.         }
 16.                 //Ready to continue (all dta files exist)
.                 do 3c_merge_CF `ref' `firstref'
 17.                 local firstref=`firstref' + 1
 18.         }

. *********************************************************************************
. * 3c_merge_CF.do                                                                              
>                                                   *
. *                                                                                             
>                                                                   *
. * Appends and merges counterfactual income files                                              
>                   *       
. * Last update 11-03-21 B.P.                                                                   
>                                           *
. *********************************************************************************
. di in r "START 3c_merge_CF: $S_TIME  $S_DATE"
START 3c_merge_CF: 21:42:20   6 Dec 2022

. args ref firstref               //ref for reform

. di in r "args ref `ref' firstref `firstref'"
args ref base firstref 1

. clear

. use "all_globals.dta"

. keep hours country choices path_LSscen year 

. capture ds

. local input_args "`r(varlist)'" 

. foreach label in `input_args'{  
  2.         //display in red "`label'"":"_skip(1)`label'
.         local val=`label'[1]
  3.         local `label' "`val'"
  4. }

. 
. use "`path_LSscen'/2_postEM_appended/`country'_`year'_`choices'ch_`ref'.dta",clear

. 
. if `firstref' == 1 {
.         save "`path_LSscen'/2_postEM_appended/`country'_`year'_`choices'ch.dta", replace
file ../data//LSscenarios//2_postEM_appended/lt_2019_3ch.dta saved
. }

. else {
.         merge 1:1 idperson lhw_f_norand lhw_m_norand sec_f sec_m emp_stat_f emp_stat_m using "
> `path_LSscen'/2_postEM_appended/`country'_`year'_`choices'ch.dta",nogenerate
.         save "`path_LSscen'/2_postEM_appended/`country'_`year'_`choices'ch.dta", replace
. }

. 
.         
. di in r "END 3c_merge_CF: $S_TIME  $S_DATE"
END 3c_merge_CF: 21:42:21   6 Dec 2022

. 
. *End do file 3c_merge_CF
. 
end of do-file

. *********************************************************************************
. * 3c_merge_CF.do                                                                              
>                                                   *
. *                                                                                             
>                                                                   *
. * Appends and merges counterfactual income files                                              
>                   *       
. * Last update 11-03-21 B.P.                                                                   
>                                           *
. *********************************************************************************
. di in r "START 3c_merge_CF: $S_TIME  $S_DATE"
START 3c_merge_CF: 21:42:21   6 Dec 2022

. args ref firstref               //ref for reform

. di in r "args ref `ref' firstref `firstref'"
args ref m firstref 2

. clear

. use "all_globals.dta"

. keep hours country choices path_LSscen year 

. capture ds

. local input_args "`r(varlist)'" 

. foreach label in `input_args'{  
  2.         //display in red "`label'"":"_skip(1)`label'
.         local val=`label'[1]
  3.         local `label' "`val'"
  4. }

. 
. use "`path_LSscen'/2_postEM_appended/`country'_`year'_`choices'ch_`ref'.dta",clear

. 
. if `firstref' == 1 {
.         save "`path_LSscen'/2_postEM_appended/`country'_`year'_`choices'ch.dta", replace
. }

. else {
.         merge 1:1 idperson lhw_f_norand lhw_m_norand sec_f sec_m emp_stat_f emp_stat_m using "
> `path_LSscen'/2_postEM_appended/`country'_`year'_`choices'ch.dta",nogenerate

    Result                      Number of obs
    -----------------------------------------
    Not matched                             0
    Matched                           128,816  
    -----------------------------------------
.         save "`path_LSscen'/2_postEM_appended/`country'_`year'_`choices'ch.dta", replace
file ../data//LSscenarios//2_postEM_appended/lt_2019_3ch.dta saved
. }

. 
.         
. di in r "END 3c_merge_CF: $S_TIME  $S_DATE"
END 3c_merge_CF: 21:42:22   6 Dec 2022

. 
. *End do file 3c_merge_CF
. 
end of do-file

. *********************************************************************************
. * 3c_merge_CF.do                                                                              
>                                                   *
. *                                                                                             
>                                                                   *
. * Appends and merges counterfactual income files                                              
>                   *       
. * Last update 11-03-21 B.P.                                                                   
>                                           *
. *********************************************************************************
. di in r "START 3c_merge_CF: $S_TIME  $S_DATE"
START 3c_merge_CF: 21:42:22   6 Dec 2022

. args ref firstref               //ref for reform

. di in r "args ref `ref' firstref `firstref'"
args ref f firstref 3

. clear

. use "all_globals.dta"

. keep hours country choices path_LSscen year 

. capture ds

. local input_args "`r(varlist)'" 

. foreach label in `input_args'{  
  2.         //display in red "`label'"":"_skip(1)`label'
.         local val=`label'[1]
  3.         local `label' "`val'"
  4. }

. 
. use "`path_LSscen'/2_postEM_appended/`country'_`year'_`choices'ch_`ref'.dta",clear

. 
. if `firstref' == 1 {
.         save "`path_LSscen'/2_postEM_appended/`country'_`year'_`choices'ch.dta", replace
. }

. else {
.         merge 1:1 idperson lhw_f_norand lhw_m_norand sec_f sec_m emp_stat_f emp_stat_m using "
> `path_LSscen'/2_postEM_appended/`country'_`year'_`choices'ch.dta",nogenerate

    Result                      Number of obs
    -----------------------------------------
    Not matched                             0
    Matched                           128,816  
    -----------------------------------------
.         save "`path_LSscen'/2_postEM_appended/`country'_`year'_`choices'ch.dta", replace
file ../data//LSscenarios//2_postEM_appended/lt_2019_3ch.dta saved
. }

. 
.         
. di in r "END 3c_merge_CF: $S_TIME  $S_DATE"
END 3c_merge_CF: 21:42:23   6 Dec 2022

. 
. *End do file 3c_merge_CF
. 
end of do-file
Merging output in 3c_merge_CF: attemp 1/500
Merging output in 3c_merge_CF: attemp 2/500
Merging output in 3c_merge_CF: attemp 3/500

. *********************************************************************************
. * 3c_merge_CF.do                                                                              
>                                                   *
. *                                                                                             
>                                                                   *
. * Appends and merges counterfactual income files                                              
>                   *       
. * Last update 11-03-21 B.P.                                                                   
>                                           *
. *********************************************************************************
. di in r "START 3c_merge_CF: $S_TIME  $S_DATE"
START 3c_merge_CF: 21:42:24   6 Dec 2022

. args ref firstref               //ref for reform

. di in r "args ref `ref' firstref `firstref'"
args ref new firstref 4

. clear

. use "all_globals.dta"

. keep hours country choices path_LSscen year 

. capture ds

. local input_args "`r(varlist)'" 

. foreach label in `input_args'{  
  2.         //display in red "`label'"":"_skip(1)`label'
.         local val=`label'[1]
  3.         local `label' "`val'"
  4. }

. 
. use "`path_LSscen'/2_postEM_appended/`country'_`year'_`choices'ch_`ref'.dta",clear

. 
. if `firstref' == 1 {
.         save "`path_LSscen'/2_postEM_appended/`country'_`year'_`choices'ch.dta", replace
. }

. else {
.         merge 1:1 idperson lhw_f_norand lhw_m_norand sec_f sec_m emp_stat_f emp_stat_m using "
> `path_LSscen'/2_postEM_appended/`country'_`year'_`choices'ch.dta",nogenerate

    Result                      Number of obs
    -----------------------------------------
    Not matched                             0
    Matched                           128,816  
    -----------------------------------------
.         save "`path_LSscen'/2_postEM_appended/`country'_`year'_`choices'ch.dta", replace
file ../data//LSscenarios//2_postEM_appended/lt_2019_3ch.dta saved
. }

. 
.         
. di in r "END 3c_merge_CF: $S_TIME  $S_DATE"
END 3c_merge_CF: 21:42:27   6 Dec 2022

. 
. *End do file 3c_merge_CF
. 
end of do-file
.         
.     merge m:1 idperson using "${path_LS}/baseline/${country}_${year}_${choices}ch_reduced_base
> line.dta",nogenerate
(variable lhw was byte, now int to accommodate using data's values)

    Result                      Number of obs
    -----------------------------------------
    Not matched                         3,305
        from master                         0  
        from using                      3,305  

    Matched                           128,816  
    -----------------------------------------
.     save "${path_LSscen}/2_postEM_appended/${country}_${year}_${choices}ch.dta", replace
file ../data//LSscenarios//2_postEM_appended/lt_2019_3ch.dta saved
.         
. } //End RUN_COUNTERFACTUALS

. 
. ********************************************************************************
. //Delete files and folders
. removeFolders

. 
. di in r "END 3_simulation_dpi: $S_TIME  $S_DATE"
END 3_simulation_dpi: 21:42:48   6 Dec 2022

. cap log close
